
Welcome to Gradle 9.8.0!

Here are the highlights of this release:
 - Java 27 support
 - Maven mirror settings reuse
 - Linked problem locations in build output

For more details see https://docs.gradle.org/9.8.0/release-notes.html

To honour the JVM settings for this build a single-use Daemon process will be forked. For more on this, please refer to https://docs.gradle.org/9.8.0/userguide/gradle_daemon.html#sec:disabling_the_daemon in the Gradle documentation.
Daemon will be stopped at the end of the build 

> Configure project :
Fabric Loom: 1.18.2

> Task :compileJava
/home/runner/work/worst-luck-possible-port/worst-luck-possible-port/src/main/java/com/worstluckpossible/feature/WorstTradeOffers.java:56: error: BuyItemFactory has private access in TradeOffers
				new TradeOffers.BuyItemFactory(Items.RABBIT, 4, 16, 2),
				               ^
/home/runner/work/worst-luck-possible-port/worst-luck-possible-port/src/main/java/com/worstluckpossible/feature/WorstTradeOffers.java:57: error: SellItemFactory has private access in TradeOffers
				new TradeOffers.SellItemFactory(Items.RABBIT_STEW, 1, 1, 1));
				               ^
/home/runner/work/worst-luck-possible-port/worst-luck-possible-port/src/main/java/com/worstluckpossible/feature/WorstTradeOffers.java:59: error: SellItemFactory has private access in TradeOffers
				new TradeOffers.SellItemFactory(Items.COOKED_PORKCHOP, 1, 5, 16, 5),
				               ^
/home/runner/work/worst-luck-possible-port/worst-luck-possible-port/src/main/java/com/worstluckpossible/feature/WorstTradeOffers.java:60: error: SellItemFactory has private access in TradeOffers
				new TradeOffers.SellItemFactory(Items.COOKED_CHICKEN, 1, 8, 16, 5));
				               ^
/home/runner/work/worst-luck-possible-port/worst-luck-possible-port/src/main/java/com/worstluckpossible/feature/WorstTradeOffers.java:64: error: BuyItemFactory has private access in TradeOffers
				new TradeOffers.BuyItemFactory(Items.COMPASS, 1, 12, 20),
				               ^
/home/runner/work/worst-luck-possible-port/worst-luck-possible-port/src/main/java/com/worstluckpossible/feature/WorstTradeOffers.java:65: error: SellMapFactory has private access in TradeOffers
				new TradeOffers.SellMapFactory(13, StructureTags.ON_OCEAN_EXPLORER_MAPS,
				               ^
/home/runner/work/worst-luck-possible-port/worst-luck-possible-port/src/main/java/com/worstluckpossible/feature/WorstTradeOffers.java:70: error: BuyItemFactory has private access in TradeOffers
				new TradeOffers.BuyItemFactory(Items.TURTLE_SCUTE, 4, 12, 30),
				               ^
/home/runner/work/worst-luck-possible-port/worst-luck-possible-port/src/main/java/com/worstluckpossible/feature/WorstTradeOffers.java:71: error: SellItemFactory has private access in TradeOffers
				new TradeOffers.SellItemFactory(Items.ENDER_PEARL, 5, 1, 15));
				               ^
/home/runner/work/worst-luck-possible-port/worst-luck-possible-port/src/main/java/com/worstluckpossible/feature/WorstTradeOffers.java:75: error: BuyItemFactory has private access in TradeOffers
				new TradeOffers.BuyItemFactory(Items.BEETROOT, 15, 16, 2),
				               ^
/home/runner/work/worst-luck-possible-port/worst-luck-possible-port/src/main/java/com/worstluckpossible/feature/WorstTradeOffers.java:76: error: SellItemFactory has private access in TradeOffers
				new TradeOffers.SellItemFactory(Items.BREAD, 1, 6, 16, 1));
				               ^
/home/runner/work/worst-luck-possible-port/worst-luck-possible-port/src/main/java/com/worstluckpossible/feature/WorstTradeOffers.java:78: error: SellItemFactory has private access in TradeOffers
				new TradeOffers.SellItemFactory(Items.PUMPKIN_PIE, 1, 4, 5),
				               ^
/home/runner/work/worst-luck-possible-port/worst-luck-possible-port/src/main/java/com/worstluckpossible/feature/WorstTradeOffers.java:79: error: SellItemFactory has private access in TradeOffers
				new TradeOffers.SellItemFactory(Items.APPLE, 1, 4, 16, 5));
				               ^
/home/runner/work/worst-luck-possible-port/worst-luck-possible-port/src/main/java/com/worstluckpossible/feature/WorstTradeOffers.java:81: error: SellSuspiciousStewFactory has private access in TradeOffers
				new TradeOffers.SellSuspiciousStewFactory(StatusEffects.WEAKNESS, 140, 15),
				               ^
/home/runner/work/worst-luck-possible-port/worst-luck-possible-port/src/main/java/com/worstluckpossible/feature/WorstTradeOffers.java:82: error: SellSuspiciousStewFactory has private access in TradeOffers
				new TradeOffers.SellSuspiciousStewFactory(StatusEffects.POISON, 280, 15));
				               ^
/home/runner/work/worst-luck-possible-port/worst-luck-possible-port/src/main/java/com/worstluckpossible/feature/WorstTradeOffers.java:86: error: ProcessItemFactory has private access in TradeOffers
				new TradeOffers.ProcessItemFactory(Items.COD, 6, 1, Items.COOKED_COD, 6, 16, 1, 0.05F),
				               ^
/home/runner/work/worst-luck-possible-port/worst-luck-possible-port/src/main/java/com/worstluckpossible/feature/WorstTradeOffers.java:87: error: SellItemFactory has private access in TradeOffers
				new TradeOffers.SellItemFactory(Items.COD_BUCKET, 3, 1, 16, 1));
				               ^
/home/runner/work/worst-luck-possible-port/worst-luck-possible-port/src/main/java/com/worstluckpossible/feature/WorstTradeOffers.java:89: error: ProcessItemFactory has private access in TradeOffers
				new TradeOffers.ProcessItemFactory(Items.SALMON, 6, 1, Items.COOKED_SALMON, 6, 16, 5, 0.05F),
				               ^
/home/runner/work/worst-luck-possible-port/worst-luck-possible-port/src/main/java/com/worstluckpossible/feature/WorstTradeOffers.java:90: error: SellItemFactory has private access in TradeOffers
				new TradeOffers.SellItemFactory(Items.CAMPFIRE, 2, 1, 5));
				               ^
/home/runner/work/worst-luck-possible-port/worst-luck-possible-port/src/main/java/com/worstluckpossible/feature/WorstTradeOffers.java:94: error: SellItemFactory has private access in TradeOffers
				new TradeOffers.SellItemFactory(Items.ARROW, 1, 16, 1),
				               ^
/home/runner/work/worst-luck-possible-port/worst-luck-possible-port/src/main/java/com/worstluckpossible/feature/WorstTradeOffers.java:95: error: ProcessItemFactory has private access in TradeOffers
				new TradeOffers.ProcessItemFactory(Blocks.GRAVEL, 10, 1, Items.FLINT, 10, 12, 1, 0.05F));
				               ^
/home/runner/work/worst-luck-possible-port/worst-luck-possible-port/src/main/java/com/worstluckpossible/feature/WorstTradeOffers.java:97: error: BuyItemFactory has private access in TradeOffers
				new TradeOffers.BuyItemFactory(Items.FEATHER, 24, 16, 30),
				               ^
/home/runner/work/worst-luck-possible-port/worst-luck-possible-port/src/main/java/com/worstluckpossible/feature/WorstTradeOffers.java:105: error: SellDyedArmorFactory has private access in TradeOffers
				new TradeOffers.SellDyedArmorFactory(Items.LEATHER_LEGGINGS, 3),
				               ^
/home/runner/work/worst-luck-possible-port/worst-luck-possible-port/src/main/java/com/worstluckpossible/feature/WorstTradeOffers.java:106: error: SellDyedArmorFactory has private access in TradeOffers
				new TradeOffers.SellDyedArmorFactory(Items.LEATHER_CHESTPLATE, 7));
				               ^
/home/runner/work/worst-luck-possible-port/worst-luck-possible-port/src/main/java/com/worstluckpossible/feature/WorstTradeOffers.java:108: error: SellDyedArmorFactory has private access in TradeOffers
				new TradeOffers.SellDyedArmorFactory(Items.LEATHER_HELMET, 5, 12, 5),
				               ^
/home/runner/work/worst-luck-possible-port/worst-luck-possible-port/src/main/java/com/worstluckpossible/feature/WorstTradeOffers.java:109: error: SellDyedArmorFactory has private access in TradeOffers
				new TradeOffers.SellDyedArmorFactory(Items.LEATHER_BOOTS, 4, 12, 5));
				               ^
/home/runner/work/worst-luck-possible-port/worst-luck-possible-port/src/main/java/com/worstluckpossible/feature/WorstTradeOffers.java:114: error: SellItemFactory has private access in TradeOffers
				new TradeOffers.SellItemFactory(Blocks.BOOKSHELF, 9, 1, 12, 1));
				               ^
/home/runner/work/worst-luck-possible-port/worst-luck-possible-port/src/main/java/com/worstluckpossible/feature/WorstTradeOffers.java:117: error: SellItemFactory has private access in TradeOffers
				new TradeOffers.SellItemFactory(Items.LANTERN, 1, 1, 5));
				               ^
/home/runner/work/worst-luck-possible-port/worst-luck-possible-port/src/main/java/com/worstluckpossible/feature/WorstTradeOffers.java:120: error: SellItemFactory has private access in TradeOffers
				new TradeOffers.SellItemFactory(Items.GLASS, 1, 4, 10));
				               ^
/home/runner/work/worst-luck-possible-port/worst-luck-possible-port/src/main/java/com/worstluckpossible/feature/WorstTradeOffers.java:123: error: SellItemFactory has private access in TradeOffers
				new TradeOffers.SellItemFactory(Items.COMPASS, 4, 1, 15));
				               ^
/home/runner/work/worst-luck-possible-port/worst-luck-possible-port/src/main/java/com/worstluckpossible/feature/WorstTradeOffers.java:138: error: BuyItemFactory has private access in TradeOffers
				new TradeOffers.BuyItemFactory(Blocks.BROWN_WOOL, 18, 16, 2),
				               ^
/home/runner/work/worst-luck-possible-port/worst-luck-possible-port/src/main/java/com/worstluckpossible/feature/WorstTradeOffers.java:139: error: SellItemFactory has private access in TradeOffers
				new TradeOffers.SellItemFactory(Items.SHEARS, 2, 1, 1));
				               ^
/home/runner/work/worst-luck-possible-port/worst-luck-possible-port/src/main/java/com/worstluckpossible/feature/WorstTradeOffers.java:141: error: SellItemFactory has private access in TradeOffers
				new TradeOffers.SellItemFactory(Blocks.BLACK_CARPET, 1, 4, 16, 5),
				               ^
/home/runner/work/worst-luck-possible-port/worst-luck-possible-port/src/main/java/com/worstluckpossible/feature/WorstTradeOffers.java:142: error: SellItemFactory has private access in TradeOffers
				new TradeOffers.SellItemFactory(Blocks.GRAY_CARPET, 1, 4, 16, 5));
				               ^
/home/runner/work/worst-luck-possible-port/worst-luck-possible-port/src/main/java/com/worstluckpossible/feature/WorstTradeOffers.java:144: error: SellItemFactory has private access in TradeOffers
				new TradeOffers.SellItemFactory(Blocks.BLACK_BED, 3, 1, 12, 10),
				               ^
/home/runner/work/worst-luck-possible-port/worst-luck-possible-port/src/main/java/com/worstluckpossible/feature/WorstTradeOffers.java:145: error: SellItemFactory has private access in TradeOffers
				new TradeOffers.SellItemFactory(Blocks.GRAY_BED, 3, 1, 12, 10));
				               ^
/home/runner/work/worst-luck-possible-port/worst-luck-possible-port/src/main/java/com/worstluckpossible/feature/WorstTradeOffers.java:147: error: SellItemFactory has private access in TradeOffers
				new TradeOffers.SellItemFactory(Items.BLACK_BANNER, 3, 1, 12, 15),
				               ^
/home/runner/work/worst-luck-possible-port/worst-luck-possible-port/src/main/java/com/worstluckpossible/feature/WorstTradeOffers.java:148: error: SellItemFactory has private access in TradeOffers
				new TradeOffers.SellItemFactory(Items.GRAY_BANNER, 3, 1, 12, 15));
				               ^
/home/runner/work/worst-luck-possible-port/worst-luck-possible-port/src/main/java/com/worstluckpossible/feature/WorstTradeOffers.java:152: error: SellItemFactory has private access in TradeOffers
				new TradeOffers.SellItemFactory(Blocks.POLISHED_ANDESITE, 1, 4, 16, 10),
				               ^
/home/runner/work/worst-luck-possible-port/worst-luck-possible-port/src/main/java/com/worstluckpossible/feature/WorstTradeOffers.java:153: error: SellItemFactory has private access in TradeOffers
				new TradeOffers.SellItemFactory(Blocks.POLISHED_DIORITE, 1, 4, 16, 10));
				               ^
/home/runner/work/worst-luck-possible-port/worst-luck-possible-port/src/main/java/com/worstluckpossible/feature/WorstTradeOffers.java:155: error: SellItemFactory has private access in TradeOffers
				new TradeOffers.SellItemFactory(Blocks.BLACK_TERRACOTTA, 1, 1, 12, 15),
				               ^
/home/runner/work/worst-luck-possible-port/worst-luck-possible-port/src/main/java/com/worstluckpossible/feature/WorstTradeOffers.java:156: error: SellItemFactory has private access in TradeOffers
				new TradeOffers.SellItemFactory(Blocks.GRAY_TERRACOTTA, 1, 1, 12, 15));
				               ^
/home/runner/work/worst-luck-possible-port/worst-luck-possible-port/src/main/java/com/worstluckpossible/feature/WorstTradeOffers.java:163: error: BuyItemFactory has private access in TradeOffers
				new TradeOffers.BuyItemFactory(Items.DIAMOND, 1, 12, 30),
				               ^
/home/runner/work/worst-luck-possible-port/worst-luck-possible-port/src/main/java/com/worstluckpossible/feature/WorstTradeOffers.java:170: error: SellItemFactory has private access in TradeOffers
		return new TradeOffers.SellItemFactory(new ItemStack(item), price, count, maxUses, experience, multiplier);
		                      ^
43 errors

> Task :compileJava FAILED
gradle/actions: Writing build results to /home/runner/work/_temp/.gradle-actions/build-results/build-1790313600352.json

[Incubating] Problems report is available at: file:///home/runner/work/worst-luck-possible-port/worst-luck-possible-port/build/reports/problems/problems-report.html

FAILURE: Build failed with an exception.

* What went wrong:
Execution failed for task ':compileJava' (registered by plugin class 'org.gradle.api.plugins.JavaBasePlugin').
> Compilation failed; see the compiler output below.
  /home/runner/work/worst-luck-possible-port/worst-luck-possible-port/src/main/java/com/worstluckpossible/feature/WorstTradeOffers.java:56: error: BuyItemFactory has private access in TradeOffers
  				new TradeOffers.BuyItemFactory(Items.RABBIT, 4, 16, 2),
  				               ^
  /home/runner/work/worst-luck-possible-port/worst-luck-possible-port/src/main/java/com/worstluckpossible/feature/WorstTradeOffers.java:57: error: SellItemFactory has private access in TradeOffers
  				new TradeOffers.SellItemFactory(Items.RABBIT_STEW, 1, 1, 1));
  				               ^
  /home/runner/work/worst-luck-possible-port/worst-luck-possible-port/src/main/java/com/worstluckpossible/feature/WorstTradeOffers.java:59: error: SellItemFactory has private access in TradeOffers
  				new TradeOffers.SellItemFactory(Items.COOKED_PORKCHOP, 1, 5, 16, 5),
  				               ^
  /home/runner/work/worst-luck-possible-port/worst-luck-possible-port/src/main/java/com/worstluckpossible/feature/WorstTradeOffers.java:60: error: SellItemFactory has private access in TradeOffers
  				new TradeOffers.SellItemFactory(Items.COOKED_CHICKEN, 1, 8, 16, 5));
  				               ^
  /home/runner/work/worst-luck-possible-port/worst-luck-possible-port/src/main/java/com/worstluckpossible/feature/WorstTradeOffers.java:64: error: BuyItemFactory has private access in TradeOffers
  				new TradeOffers.BuyItemFactory(Items.COMPASS, 1, 12, 20),
  				               ^
  /home/runner/work/worst-luck-possible-port/worst-luck-possible-port/src/main/java/com/worstluckpossible/feature/WorstTradeOffers.java:65: error: SellMapFactory has private access in TradeOffers
  				new TradeOffers.SellMapFactory(13, StructureTags.ON_OCEAN_EXPLORER_MAPS,
  				               ^
  /home/runner/work/worst-luck-possible-port/worst-luck-possible-port/src/main/java/com/worstluckpossible/feature/WorstTradeOffers.java:70: error: BuyItemFactory has private access in TradeOffers
  				new TradeOffers.BuyItemFactory(Items.TURTLE_SCUTE, 4, 12, 30),
  				               ^
  /home/runner/work/worst-luck-possible-port/worst-luck-possible-port/src/main/java/com/worstluckpossible/feature/WorstTradeOffers.java:71: error: SellItemFactory has private access in TradeOffers
  				new TradeOffers.SellItemFactory(Items.ENDER_PEARL, 5, 1, 15));
  				               ^
  /home/runner/work/worst-luck-possible-port/worst-luck-possible-port/src/main/java/com/worstluckpossible/feature/WorstTradeOffers.java:75: error: BuyItemFactory has private access in TradeOffers
  				new TradeOffers.BuyItemFactory(Items.BEETROOT, 15, 16, 2),
  				               ^
  /home/runner/work/worst-luck-possible-port/worst-luck-possible-port/src/main/java/com/worstluckpossible/feature/WorstTradeOffers.java:76: error: SellItemFactory has private access in TradeOffers
  				new TradeOffers.SellItemFactory(Items.BREAD, 1, 6, 16, 1));
  				               ^
  /home/runner/work/worst-luck-possible-port/worst-luck-possible-port/src/main/java/com/worstluckpossible/feature/WorstTradeOffers.java:78: error: SellItemFactory has private access in TradeOffers
  				new TradeOffers.SellItemFactory(Items.PUMPKIN_PIE, 1, 4, 5),
  				               ^
  /home/runner/work/worst-luck-possible-port/worst-luck-possible-port/src/main/java/com/worstluckpossible/feature/WorstTradeOffers.java:79: error: SellItemFactory has private access in TradeOffers
  				new TradeOffers.SellItemFactory(Items.APPLE, 1, 4, 16, 5));
  				               ^
  /home/runner/work/worst-luck-possible-port/worst-luck-possible-port/src/main/java/com/worstluckpossible/feature/WorstTradeOffers.java:81: error: SellSuspiciousStewFactory has private access in TradeOffers
  				new TradeOffers.SellSuspiciousStewFactory(StatusEffects.WEAKNESS, 140, 15),
  				               ^
  /home/runner/work/worst-luck-possible-port/worst-luck-possible-port/src/main/java/com/worstluckpossible/feature/WorstTradeOffers.java:82: error: SellSuspiciousStewFactory has private access in TradeOffers
  				new TradeOffers.SellSuspiciousStewFactory(StatusEffects.POISON, 280, 15));
  				               ^
  /home/runner/work/worst-luck-possible-port/worst-luck-possible-port/src/main/java/com/worstluckpossible/feature/WorstTradeOffers.java:86: error: ProcessItemFactory has private access in TradeOffers
  				new TradeOffers.ProcessItemFactory(Items.COD, 6, 1, Items.COOKED_COD, 6, 16, 1, 0.05F),
  				               ^
  /home/runner/work/worst-luck-possible-port/worst-luck-possible-port/src/main/java/com/worstluckpossible/feature/WorstTradeOffers.java:87: error: SellItemFactory has private access in TradeOffers
  				new TradeOffers.SellItemFactory(Items.COD_BUCKET, 3, 1, 16, 1));
  				               ^
  /home/runner/work/worst-luck-possible-port/worst-luck-possible-port/src/main/java/com/worstluckpossible/feature/WorstTradeOffers.java:89: error: ProcessItemFactory has private access in TradeOffers
  				new TradeOffers.ProcessItemFactory(Items.SALMON, 6, 1, Items.COOKED_SALMON, 6, 16, 5, 0.05F),
  				               ^
  /home/runner/work/worst-luck-possible-port/worst-luck-possible-port/src/main/java/com/worstluckpossible/feature/WorstTradeOffers.java:90: error: SellItemFactory has private access in TradeOffers
  				new TradeOffers.SellItemFactory(Items.CAMPFIRE, 2, 1, 5));
  				               ^
  /home/runner/work/worst-luck-possible-port/worst-luck-possible-port/src/main/java/com/worstluckpossible/feature/WorstTradeOffers.java:94: error: SellItemFactory has private access in TradeOffers
  				new TradeOffers.SellItemFactory(Items.ARROW, 1, 16, 1),
  				               ^
  /home/runner/work/worst-luck-possible-port/worst-luck-possible-port/src/main/java/com/worstluckpossible/feature/WorstTradeOffers.java:95: error: ProcessItemFactory has private access in TradeOffers
  				new TradeOffers.ProcessItemFactory(Blocks.GRAVEL, 10, 1, Items.FLINT, 10, 12, 1, 0.05F));
  				               ^
  /home/runner/work/worst-luck-possible-port/worst-luck-possible-port/src/main/java/com/worstluckpossible/feature/WorstTradeOffers.java:97: error: BuyItemFactory has private access in TradeOffers
  				new TradeOffers.BuyItemFactory(Items.FEATHER, 24, 16, 30),
  				               ^
  /home/runner/work/worst-luck-possible-port/worst-luck-possible-port/src/main/java/com/worstluckpossible/feature/WorstTradeOffers.java:105: error: SellDyedArmorFactory has private access in TradeOffers
  				new TradeOffers.SellDyedArmorFactory(Items.LEATHER_LEGGINGS, 3),
  				               ^
  /home/runner/work/worst-luck-possible-port/worst-luck-possible-port/src/main/java/com/worstluckpossible/feature/WorstTradeOffers.java:106: error: SellDyedArmorFactory has private access in TradeOffers
  				new TradeOffers.SellDyedArmorFactory(Items.LEATHER_CHESTPLATE, 7));
  				               ^
  /home/runner/work/worst-luck-possible-port/worst-luck-possible-port/src/main/java/com/worstluckpossible/feature/WorstTradeOffers.java:108: error: SellDyedArmorFactory has private access in TradeOffers
  				new TradeOffers.SellDyedArmorFactory(Items.LEATHER_HELMET, 5, 12, 5),
  				               ^
  /home/runner/work/worst-luck-possible-port/worst-luck-possible-port/src/main/java/com/worstluckpossible/feature/WorstTradeOffers.java:109: error: SellDyedArmorFactory has private access in TradeOffers
  				new TradeOffers.SellDyedArmorFactory(Items.LEATHER_BOOTS, 4, 12, 5));
  				               ^
  /home/runner/work/worst-luck-possible-port/worst-luck-possible-port/src/main/java/com/worstluckpossible/feature/WorstTradeOffers.java:114: error: SellItemFactory has private access in TradeOffers
  				new TradeOffers.SellItemFactory(Blocks.BOOKSHELF, 9, 1, 12, 1));
  				               ^
  /home/runner/work/worst-luck-possible-port/worst-luck-possible-port/src/main/java/com/worstluckpossible/feature/WorstTradeOffers.java:117: error: SellItemFactory has private access in TradeOffers
  				new TradeOffers.SellItemFactory(Items.LANTERN, 1, 1, 5));
  				               ^
  /home/runner/work/worst-luck-possible-port/worst-luck-possible-port/src/main/java/com/worstluckpossible/feature/WorstTradeOffers.java:120: error: SellItemFactory has private access in TradeOffers
  				new TradeOffers.SellItemFactory(Items.GLASS, 1, 4, 10));
  				               ^
  /home/runner/work/worst-luck-possible-port/worst-luck-possible-port/src/main/java/com/worstluckpossible/feature/WorstTradeOffers.java:123: error: SellItemFactory has private access in TradeOffers
  				new TradeOffers.SellItemFactory(Items.COMPASS, 4, 1, 15));
  				               ^
  /home/runner/work/worst-luck-possible-port/worst-luck-possible-port/src/main/java/com/worstluckpossible/feature/WorstTradeOffers.java:138: error: BuyItemFactory has private access in TradeOffers
  				new TradeOffers.BuyItemFactory(Blocks.BROWN_WOOL, 18, 16, 2),
  				               ^
  /home/runner/work/worst-luck-possible-port/worst-luck-possible-port/src/main/java/com/worstluckpossible/feature/WorstTradeOffers.java:139: error: SellItemFactory has private access in TradeOffers
  				new TradeOffers.SellItemFactory(Items.SHEARS, 2, 1, 1));
  				               ^
  /home/runner/work/worst-luck-possible-port/worst-luck-possible-port/src/main/java/com/worstluckpossible/feature/WorstTradeOffers.java:141: error: SellItemFactory has private access in TradeOffers
  				new TradeOffers.SellItemFactory(Blocks.BLACK_CARPET, 1, 4, 16, 5),
  				               ^
  /home/runner/work/worst-luck-possible-port/worst-luck-possible-port/src/main/java/com/worstluckpossible/feature/WorstTradeOffers.java:142: error: SellItemFactory has private access in TradeOffers
  				new TradeOffers.SellItemFactory(Blocks.GRAY_CARPET, 1, 4, 16, 5));
  				               ^
  /home/runner/work/worst-luck-possible-port/worst-luck-possible-port/src/main/java/com/worstluckpossible/feature/WorstTradeOffers.java:144: error: SellItemFactory has private access in TradeOffers
  				new TradeOffers.SellItemFactory(Blocks.BLACK_BED, 3, 1, 12, 10),
  				               ^
  /home/runner/work/worst-luck-possible-port/worst-luck-possible-port/src/main/java/com/worstluckpossible/feature/WorstTradeOffers.java:145: error: SellItemFactory has private access in TradeOffers
  				new TradeOffers.SellItemFactory(Blocks.GRAY_BED, 3, 1, 12, 10));
  				               ^
  /home/runner/work/worst-luck-possible-port/worst-luck-possible-port/src/main/java/com/worstluckpossible/feature/WorstTradeOffers.java:147: error: SellItemFactory has private access in TradeOffers
  				new TradeOffers.SellItemFactory(Items.BLACK_BANNER, 3, 1, 12, 15),
  				               ^
  /home/runner/work/worst-luck-possible-port/worst-luck-possible-port/src/main/java/com/worstluckpossible/feature/WorstTradeOffers.java:148: error: SellItemFactory has private access in TradeOffers
  				new TradeOffers.SellItemFactory(Items.GRAY_BANNER, 3, 1, 12, 15));
  				               ^
  /home/runner/work/worst-luck-possible-port/worst-luck-possible-port/src/main/java/com/worstluckpossible/feature/WorstTradeOffers.java:152: error: SellItemFactory has private access in TradeOffers
  				new TradeOffers.SellItemFactory(Blocks.POLISHED_ANDESITE, 1, 4, 16, 10),
  				               ^
  /home/runner/work/worst-luck-possible-port/worst-luck-possible-port/src/main/java/com/worstluckpossible/feature/WorstTradeOffers.java:153: error: SellItemFactory has private access in TradeOffers
  				new TradeOffers.SellItemFactory(Blocks.POLISHED_DIORITE, 1, 4, 16, 10));
  				               ^
  /home/runner/work/worst-luck-possible-port/worst-luck-possible-port/src/main/java/com/worstluckpossible/feature/WorstTradeOffers.java:155: error: SellItemFactory has private access in TradeOffers
  				new TradeOffers.SellItemFactory(Blocks.BLACK_TERRACOTTA, 1, 1, 12, 15),
  				               ^
  /home/runner/work/worst-luck-possible-port/worst-luck-possible-port/src/main/java/com/worstluckpossible/feature/WorstTradeOffers.java:156: error: SellItemFactory has private access in TradeOffers
  				new TradeOffers.SellItemFactory(Blocks.GRAY_TERRACOTTA, 1, 1, 12, 15));
  				               ^
  /home/runner/work/worst-luck-possible-port/worst-luck-possible-port/src/main/java/com/worstluckpossible/feature/WorstTradeOffers.java:163: error: BuyItemFactory has private access in TradeOffers
  				new TradeOffers.BuyItemFactory(Items.DIAMOND, 1, 12, 30),
  				               ^
  /home/runner/work/worst-luck-possible-port/worst-luck-possible-port/src/main/java/com/worstluckpossible/feature/WorstTradeOffers.java:170: error: SellItemFactory has private access in TradeOffers
  		return new TradeOffers.SellItemFactory(new ItemStack(item), price, count, maxUses, experience, multiplier);
  		                      ^
  43 errors

* Try:
> Check your code and dependencies to fix the compilation error(s)
> Run with --scan to get full insights from a Build Scan (powered by Develocity).

* Exception is:
org.gradle.api.tasks.TaskExecutionException: Execution failed for task ':compileJava' (registered by plugin class 'org.gradle.api.plugins.JavaBasePlugin').
	at org.gradle.api.internal.tasks.execution.DefaultTaskNodeExecutor.lambda$doExecute$1(DefaultTaskNodeExecutor.java:367)
	at org.gradle.internal.Try$Failure.ifSuccessfulOrElse(Try.java:288)
	at org.gradle.api.internal.tasks.execution.DefaultTaskNodeExecutor.doExecute(DefaultTaskNodeExecutor.java:365)
	at org.gradle.api.internal.tasks.execution.DefaultTaskNodeExecutor.executeTrackingTaskIdentity(DefaultTaskNodeExecutor.java:332)
	at org.gradle.api.internal.tasks.execution.DefaultTaskNodeExecutor.executeFinalizingProperties(DefaultTaskNodeExecutor.java:318)
	at org.gradle.api.internal.tasks.execution.DefaultTaskNodeExecutor.executeSkippingWithNoActions(DefaultTaskNodeExecutor.java:289)
	at org.gradle.api.internal.tasks.execution.DefaultTaskNodeExecutor.executeSkippingOnlyIf(DefaultTaskNodeExecutor.java:272)
	at org.gradle.api.internal.tasks.execution.DefaultTaskNodeExecutor.executeCatchingFailures(DefaultTaskNodeExecutor.java:228)
	at org.gradle.api.internal.tasks.execution.DefaultTaskNodeExecutor.executeWithFallbackOperationId(DefaultTaskNodeExecutor.java:197)
	at org.gradle.api.internal.tasks.execution.DefaultTaskNodeExecutor.executeWithLifecycle(DefaultTaskNodeExecutor.java:171)
	at org.gradle.api.internal.tasks.execution.DefaultTaskNodeExecutor.access$000(DefaultTaskNodeExecutor.java:67)
	at org.gradle.api.internal.tasks.execution.DefaultTaskNodeExecutor$1.run(DefaultTaskNodeExecutor.java:136)
	at org.gradle.internal.operations.DefaultBuildOperationRunner$1.execute(DefaultBuildOperationRunner.java:30)
	at org.gradle.internal.operations.DefaultBuildOperationRunner$1.execute(DefaultBuildOperationRunner.java:27)
	at org.gradle.internal.operations.DefaultBuildOperationRunner$2.execute(DefaultBuildOperationRunner.java:67)
	at org.gradle.internal.operations.DefaultBuildOperationRunner$2.execute(DefaultBuildOperationRunner.java:60)
	at org.gradle.internal.operations.DefaultBuildOperationRunner.execute(DefaultBuildOperationRunner.java:167)
	at org.gradle.internal.operations.DefaultBuildOperationRunner.execute(DefaultBuildOperationRunner.java:60)
	at org.gradle.internal.operations.DefaultBuildOperationRunner.run(DefaultBuildOperationRunner.java:48)
	at org.gradle.api.internal.tasks.execution.DefaultTaskNodeExecutor.execute(DefaultTaskNodeExecutor.java:133)
	at org.gradle.execution.plan.LocalTaskNode.execute(LocalTaskNode.java:229)
	at org.gradle.execution.DefaultBuildWorkExecutor.lambda$executePlan$0(DefaultBuildWorkExecutor.java:153)
	at org.gradle.execution.plan.DefaultPlanExecutor$ExecutorWorker.lambda$execute$0(DefaultPlanExecutor.java:476)
	at org.gradle.internal.operations.CurrentBuildOperationRef.with(CurrentBuildOperationRef.java:85)
	at org.gradle.execution.plan.DefaultPlanExecutor$ExecutorWorker.execute(DefaultPlanExecutor.java:475)
	at org.gradle.execution.plan.DefaultPlanExecutor$ExecutorWorker.run(DefaultPlanExecutor.java:392)
	at org.gradle.internal.concurrent.ExecutorPolicy$CatchAndRecordFailures.onExecute(ExecutorPolicy.java:65)
	at org.gradle.internal.concurrent.AbstractManagedExecutor$1.run(AbstractManagedExecutor.java:47)
Caused by: org.gradle.api.internal.tasks.compile.CompilationFailedException: Compilation failed; see the compiler output below.
/home/runner/work/worst-luck-possible-port/worst-luck-possible-port/src/main/java/com/worstluckpossible/feature/WorstTradeOffers.java:56: error: BuyItemFactory has private access in TradeOffers
				new TradeOffers.BuyItemFactory(Items.RABBIT, 4, 16, 2),
				               ^
/home/runner/work/worst-luck-possible-port/worst-luck-possible-port/src/main/java/com/worstluckpossible/feature/WorstTradeOffers.java:57: error: SellItemFactory has private access in TradeOffers
				new TradeOffers.SellItemFactory(Items.RABBIT_STEW, 1, 1, 1));
				               ^
/home/runner/work/worst-luck-possible-port/worst-luck-possible-port/src/main/java/com/worstluckpossible/feature/WorstTradeOffers.java:59: error: SellItemFactory has private access in TradeOffers
				new TradeOffers.SellItemFactory(Items.COOKED_PORKCHOP, 1, 5, 16, 5),
				               ^
/home/runner/work/worst-luck-possible-port/worst-luck-possible-port/src/main/java/com/worstluckpossible/feature/WorstTradeOffers.java:60: error: SellItemFactory has private access in TradeOffers
				new TradeOffers.SellItemFactory(Items.COOKED_CHICKEN, 1, 8, 16, 5));
				               ^
/home/runner/work/worst-luck-possible-port/worst-luck-possible-port/src/main/java/com/worstluckpossible/feature/WorstTradeOffers.java:64: error: BuyItemFactory has private access in TradeOffers
				new TradeOffers.BuyItemFactory(Items.COMPASS, 1, 12, 20),
				               ^
/home/runner/work/worst-luck-possible-port/worst-luck-possible-port/src/main/java/com/worstluckpossible/feature/WorstTradeOffers.java:65: error: SellMapFactory has private access in TradeOffers
				new TradeOffers.SellMapFactory(13, StructureTags.ON_OCEAN_EXPLORER_MAPS,
				               ^
/home/runner/work/worst-luck-possible-port/worst-luck-possible-port/src/main/java/com/worstluckpossible/feature/WorstTradeOffers.java:70: error: BuyItemFactory has private access in TradeOffers
				new TradeOffers.BuyItemFactory(Items.TURTLE_SCUTE, 4, 12, 30),
				               ^
/home/runner/work/worst-luck-possible-port/worst-luck-possible-port/src/main/java/com/worstluckpossible/feature/WorstTradeOffers.java:71: error: SellItemFactory has private access in TradeOffers
				new TradeOffers.SellItemFactory(Items.ENDER_PEARL, 5, 1, 15));
				               ^
/home/runner/work/worst-luck-possible-port/worst-luck-possible-port/src/main/java/com/worstluckpossible/feature/WorstTradeOffers.java:75: error: BuyItemFactory has private access in TradeOffers
				new TradeOffers.BuyItemFactory(Items.BEETROOT, 15, 16, 2),
				               ^
/home/runner/work/worst-luck-possible-port/worst-luck-possible-port/src/main/java/com/worstluckpossible/feature/WorstTradeOffers.java:76: error: SellItemFactory has private access in TradeOffers
				new TradeOffers.SellItemFactory(Items.BREAD, 1, 6, 16, 1));
				               ^
/home/runner/work/worst-luck-possible-port/worst-luck-possible-port/src/main/java/com/worstluckpossible/feature/WorstTradeOffers.java:78: error: SellItemFactory has private access in TradeOffers
				new TradeOffers.SellItemFactory(Items.PUMPKIN_PIE, 1, 4, 5),
				               ^
/home/runner/work/worst-luck-possible-port/worst-luck-possible-port/src/main/java/com/worstluckpossible/feature/WorstTradeOffers.java:79: error: SellItemFactory has private access in TradeOffers
				new TradeOffers.SellItemFactory(Items.APPLE, 1, 4, 16, 5));
				               ^
/home/runner/work/worst-luck-possible-port/worst-luck-possible-port/src/main/java/com/worstluckpossible/feature/WorstTradeOffers.java:81: error: SellSuspiciousStewFactory has private access in TradeOffers
				new TradeOffers.SellSuspiciousStewFactory(StatusEffects.WEAKNESS, 140, 15),
				               ^
/home/runner/work/worst-luck-possible-port/worst-luck-possible-port/src/main/java/com/worstluckpossible/feature/WorstTradeOffers.java:82: error: SellSuspiciousStewFactory has private access in TradeOffers
				new TradeOffers.SellSuspiciousStewFactory(StatusEffects.POISON, 280, 15));
				               ^
/home/runner/work/worst-luck-possible-port/worst-luck-possible-port/src/main/java/com/worstluckpossible/feature/WorstTradeOffers.java:86: error: ProcessItemFactory has private access in TradeOffers
				new TradeOffers.ProcessItemFactory(Items.COD, 6, 1, Items.COOKED_COD, 6, 16, 1, 0.05F),
				               ^
/home/runner/work/worst-luck-possible-port/worst-luck-possible-port/src/main/java/com/worstluckpossible/feature/WorstTradeOffers.java:87: error: SellItemFactory has private access in TradeOffers
				new TradeOffers.SellItemFactory(Items.COD_BUCKET, 3, 1, 16, 1));
				               ^
/home/runner/work/worst-luck-possible-port/worst-luck-possible-port/src/main/java/com/worstluckpossible/feature/WorstTradeOffers.java:89: error: ProcessItemFactory has private access in TradeOffers
				new TradeOffers.ProcessItemFactory(Items.SALMON, 6, 1, Items.COOKED_SALMON, 6, 16, 5, 0.05F),
				               ^
/home/runner/work/worst-luck-possible-port/worst-luck-possible-port/src/main/java/com/worstluckpossible/feature/WorstTradeOffers.java:90: error: SellItemFactory has private access in TradeOffers
				new TradeOffers.SellItemFactory(Items.CAMPFIRE, 2, 1, 5));
				               ^
/home/runner/work/worst-luck-possible-port/worst-luck-possible-port/src/main/java/com/worstluckpossible/feature/WorstTradeOffers.java:94: error: SellItemFactory has private access in TradeOffers
				new TradeOffers.SellItemFactory(Items.ARROW, 1, 16, 1),
				               ^
/home/runner/work/worst-luck-possible-port/worst-luck-possible-port/src/main/java/com/worstluckpossible/feature/WorstTradeOffers.java:95: error: ProcessItemFactory has private access in TradeOffers
				new TradeOffers.ProcessItemFactory(Blocks.GRAVEL, 10, 1, Items.FLINT, 10, 12, 1, 0.05F));
				               ^
/home/runner/work/worst-luck-possible-port/worst-luck-possible-port/src/main/java/com/worstluckpossible/feature/WorstTradeOffers.java:97: error: BuyItemFactory has private access in TradeOffers
				new TradeOffers.BuyItemFactory(Items.FEATHER, 24, 16, 30),
				               ^
/home/runner/work/worst-luck-possible-port/worst-luck-possible-port/src/main/java/com/worstluckpossible/feature/WorstTradeOffers.java:105: error: SellDyedArmorFactory has private access in TradeOffers
				new TradeOffers.SellDyedArmorFactory(Items.LEATHER_LEGGINGS, 3),
				               ^
/home/runner/work/worst-luck-possible-port/worst-luck-possible-port/src/main/java/com/worstluckpossible/feature/WorstTradeOffers.java:106: error: SellDyedArmorFactory has private access in TradeOffers
				new TradeOffers.SellDyedArmorFactory(Items.LEATHER_CHESTPLATE, 7));
				               ^
/home/runner/work/worst-luck-possible-port/worst-luck-possible-port/src/main/java/com/worstluckpossible/feature/WorstTradeOffers.java:108: error: SellDyedArmorFactory has private access in TradeOffers
				new TradeOffers.SellDyedArmorFactory(Items.LEATHER_HELMET, 5, 12, 5),
				               ^
/home/runner/work/worst-luck-possible-port/worst-luck-possible-port/src/main/java/com/worstluckpossible/feature/WorstTradeOffers.java:109: error: SellDyedArmorFactory has private access in TradeOffers
				new TradeOffers.SellDyedArmorFactory(Items.LEATHER_BOOTS, 4, 12, 5));
				               ^
/home/runner/work/worst-luck-possible-port/worst-luck-possible-port/src/main/java/com/worstluckpossible/feature/WorstTradeOffers.java:114: error: SellItemFactory has private access in TradeOffers
				new TradeOffers.SellItemFactory(Blocks.BOOKSHELF, 9, 1, 12, 1));
				               ^
/home/runner/work/worst-luck-possible-port/worst-luck-possible-port/src/main/java/com/worstluckpossible/feature/WorstTradeOffers.java:117: error: SellItemFactory has private access in TradeOffers
				new TradeOffers.SellItemFactory(Items.LANTERN, 1, 1, 5));
				               ^
/home/runner/work/worst-luck-possible-port/worst-luck-possible-port/src/main/java/com/worstluckpossible/feature/WorstTradeOffers.java:120: error: SellItemFactory has private access in TradeOffers
				new TradeOffers.SellItemFactory(Items.GLASS, 1, 4, 10));
				               ^
/home/runner/work/worst-luck-possible-port/worst-luck-possible-port/src/main/java/com/worstluckpossible/feature/WorstTradeOffers.java:123: error: SellItemFactory has private access in TradeOffers
				new TradeOffers.SellItemFactory(Items.COMPASS, 4, 1, 15));
				               ^
/home/runner/work/worst-luck-possible-port/worst-luck-possible-port/src/main/java/com/worstluckpossible/feature/WorstTradeOffers.java:138: error: BuyItemFactory has private access in TradeOffers
				new TradeOffers.BuyItemFactory(Blocks.BROWN_WOOL, 18, 16, 2),
				               ^
/home/runner/work/worst-luck-possible-port/worst-luck-possible-port/src/main/java/com/worstluckpossible/feature/WorstTradeOffers.java:139: error: SellItemFactory has private access in TradeOffers
				new TradeOffers.SellItemFactory(Items.SHEARS, 2, 1, 1));
				               ^
/home/runner/work/worst-luck-possible-port/worst-luck-possible-port/src/main/java/com/worstluckpossible/feature/WorstTradeOffers.java:141: error: SellItemFactory has private access in TradeOffers
				new TradeOffers.SellItemFactory(Blocks.BLACK_CARPET, 1, 4, 16, 5),
				               ^
/home/runner/work/worst-luck-possible-port/worst-luck-possible-port/src/main/java/com/worstluckpossible/feature/WorstTradeOffers.java:142: error: SellItemFactory has private access in TradeOffers
				new TradeOffers.SellItemFactory(Blocks.GRAY_CARPET, 1, 4, 16, 5));
				               ^
/home/runner/work/worst-luck-possible-port/worst-luck-possible-port/src/main/java/com/worstluckpossible/feature/WorstTradeOffers.java:144: error: SellItemFactory has private access in TradeOffers
				new TradeOffers.SellItemFactory(Blocks.BLACK_BED, 3, 1, 12, 10),
				               ^
/home/runner/work/worst-luck-possible-port/worst-luck-possible-port/src/main/java/com/worstluckpossible/feature/WorstTradeOffers.java:145: error: SellItemFactory has private access in TradeOffers
				new TradeOffers.SellItemFactory(Blocks.GRAY_BED, 3, 1, 12, 10));
				               ^
/home/runner/work/worst-luck-possible-port/worst-luck-possible-port/src/main/java/com/worstluckpossible/feature/WorstTradeOffers.java:147: error: SellItemFactory has private access in TradeOffers
				new TradeOffers.SellItemFactory(Items.BLACK_BANNER, 3, 1, 12, 15),
				               ^
/home/runner/work/worst-luck-possible-port/worst-luck-possible-port/src/main/java/com/worstluckpossible/feature/WorstTradeOffers.java:148: error: SellItemFactory has private access in TradeOffers
				new TradeOffers.SellItemFactory(Items.GRAY_BANNER, 3, 1, 12, 15));
				               ^
/home/runner/work/worst-luck-possible-port/worst-luck-possible-port/src/main/java/com/worstluckpossible/feature/WorstTradeOffers.java:152: error: SellItemFactory has private access in TradeOffers
				new TradeOffers.SellItemFactory(Blocks.POLISHED_ANDESITE, 1, 4, 16, 10),
				               ^
/home/runner/work/worst-luck-possible-port/worst-luck-possible-port/src/main/java/com/worstluckpossible/feature/WorstTradeOffers.java:153: error: SellItemFactory has private access in TradeOffers
				new TradeOffers.SellItemFactory(Blocks.POLISHED_DIORITE, 1, 4, 16, 10));
				               ^
/home/runner/work/worst-luck-possible-port/worst-luck-possible-port/src/main/java/com/worstluckpossible/feature/WorstTradeOffers.java:155: error: SellItemFactory has private access in TradeOffers
				new TradeOffers.SellItemFactory(Blocks.BLACK_TERRACOTTA, 1, 1, 12, 15),
				               ^
/home/runner/work/worst-luck-possible-port/worst-luck-possible-port/src/main/java/com/worstluckpossible/feature/WorstTradeOffers.java:156: error: SellItemFactory has private access in TradeOffers
				new TradeOffers.SellItemFactory(Blocks.GRAY_TERRACOTTA, 1, 1, 12, 15));
				               ^
/home/runner/work/worst-luck-possible-port/worst-luck-possible-port/src/main/java/com/worstluckpossible/feature/WorstTradeOffers.java:163: error: BuyItemFactory has private access in TradeOffers
				new TradeOffers.BuyItemFactory(Items.DIAMOND, 1, 12, 30),
				               ^
/home/runner/work/worst-luck-possible-port/worst-luck-possible-port/src/main/java/com/worstluckpossible/feature/WorstTradeOffers.java:170: error: SellItemFactory has private access in TradeOffers
		return new TradeOffers.SellItemFactory(new ItemStack(item), price, count, maxUses, experience, multiplier);
		                      ^
43 errors
	at org.gradle.api.internal.tasks.compile.JdkJavaCompiler.execute(JdkJavaCompiler.java:88)
	at org.gradle.api.internal.tasks.compile.JdkJavaCompiler.execute(JdkJavaCompiler.java:49)
	at org.gradle.api.internal.tasks.compile.NormalizingJavaCompiler.delegateAndHandleErrors(NormalizingJavaCompiler.java:98)
	at org.gradle.api.internal.tasks.compile.NormalizingJavaCompiler.execute(NormalizingJavaCompiler.java:52)
	at org.gradle.api.internal.tasks.compile.NormalizingJavaCompiler.execute(NormalizingJavaCompiler.java:38)
	at org.gradle.api.internal.tasks.compile.AnnotationProcessorDiscoveringCompiler.execute(AnnotationProcessorDiscoveringCompiler.java:52)
	at org.gradle.api.internal.tasks.compile.AnnotationProcessorDiscoveringCompiler.execute(AnnotationProcessorDiscoveringCompiler.java:38)
	at org.gradle.api.internal.tasks.compile.ModuleApplicationNameWritingCompiler.execute(ModuleApplicationNameWritingCompiler.java:46)
	at org.gradle.api.internal.tasks.compile.ModuleApplicationNameWritingCompiler.execute(ModuleApplicationNameWritingCompiler.java:36)
	at org.gradle.jvm.toolchain.internal.DefaultToolchainJavaCompiler.execute(DefaultToolchainJavaCompiler.java:57)
	at org.gradle.api.tasks.compile.JavaCompile.lambda$createToolchainCompiler$0(JavaCompile.java:213)
	at org.gradle.api.internal.tasks.compile.CleaningJavaCompiler.execute(CleaningJavaCompiler.java:53)
	at org.gradle.api.internal.tasks.compile.incremental.IncrementalCompilerFactory.lambda$createRebuildAllCompiler$0(IncrementalCompilerFactory.java:55)
	at org.gradle.api.internal.tasks.compile.incremental.SelectiveCompiler.execute(SelectiveCompiler.java:70)
	at org.gradle.api.internal.tasks.compile.incremental.SelectiveCompiler.execute(SelectiveCompiler.java:44)
	at org.gradle.api.internal.tasks.compile.incremental.IncrementalResultStoringCompiler.execute(IncrementalResultStoringCompiler.java:66)
	at org.gradle.api.internal.tasks.compile.incremental.IncrementalResultStoringCompiler.execute(IncrementalResultStoringCompiler.java:52)
	at org.gradle.api.internal.tasks.compile.CompileJavaBuildOperationReportingCompiler$CompileOperation.call(CompileJavaBuildOperationReportingCompiler.java:78)
	at org.gradle.api.internal.tasks.compile.CompileJavaBuildOperationReportingCompiler$CompileOperation.call(CompileJavaBuildOperationReportingCompiler.java:52)
	at org.gradle.internal.operations.DefaultBuildOperationRunner$CallableBuildOperationWorker.execute(DefaultBuildOperationRunner.java:210)
	at org.gradle.internal.operations.DefaultBuildOperationRunner$CallableBuildOperationWorker.execute(DefaultBuildOperationRunner.java:205)
	at org.gradle.internal.operations.DefaultBuildOperationRunner$2.execute(DefaultBuildOperationRunner.java:67)
	at org.gradle.internal.operations.DefaultBuildOperationRunner$2.execute(DefaultBuildOperationRunner.java:60)
	at org.gradle.internal.operations.DefaultBuildOperationRunner.execute(DefaultBuildOperationRunner.java:167)
	at org.gradle.internal.operations.DefaultBuildOperationRunner.execute(DefaultBuildOperationRunner.java:60)
	at org.gradle.internal.operations.DefaultBuildOperationRunner.call(DefaultBuildOperationRunner.java:54)
	at org.gradle.api.internal.tasks.compile.CompileJavaBuildOperationReportingCompiler.execute(CompileJavaBuildOperationReportingCompiler.java:49)
	at org.gradle.api.tasks.compile.JavaCompile.performCompilation(JavaCompile.java:231)
	at org.gradle.api.tasks.compile.JavaCompile.performIncrementalCompilation(JavaCompile.java:172)
	at org.gradle.api.tasks.compile.JavaCompile.compile(JavaCompile.java:157)
	at org.gradle.internal.reflect.JavaMethod.invoke(JavaMethod.java:125)
	at org.gradle.api.internal.project.taskfactory.IncrementalTaskAction.doExecute(IncrementalTaskAction.java:45)
	at org.gradle.api.internal.project.taskfactory.StandardTaskAction.execute(StandardTaskAction.java:51)
	at org.gradle.api.internal.project.taskfactory.IncrementalTaskAction.execute(IncrementalTaskAction.java:26)
	at org.gradle.api.internal.project.taskfactory.StandardTaskAction.execute(StandardTaskAction.java:29)
	at org.gradle.api.internal.tasks.execution.TaskExecution$3.run(TaskExecution.java:268)
	at org.gradle.internal.operations.DefaultBuildOperationRunner$1.execute(DefaultBuildOperationRunner.java:30)
	at org.gradle.internal.operations.DefaultBuildOperationRunner$1.execute(DefaultBuildOperationRunner.java:27)
	at org.gradle.internal.operations.DefaultBuildOperationRunner$2.execute(DefaultBuildOperationRunner.java:67)
	at org.gradle.internal.operations.DefaultBuildOperationRunner$2.execute(DefaultBuildOperationRunner.java:60)
	at org.gradle.internal.operations.DefaultBuildOperationRunner.execute(DefaultBuildOperationRunner.java:167)
	at org.gradle.internal.operations.DefaultBuildOperationRunner.execute(DefaultBuildOperationRunner.java:60)
	at org.gradle.internal.operations.DefaultBuildOperationRunner.run(DefaultBuildOperationRunner.java:48)
	at org.gradle.api.internal.tasks.execution.TaskExecution.executeAction(TaskExecution.java:253)
	at org.gradle.api.internal.tasks.execution.TaskExecution.executeActions(TaskExecution.java:236)
	at org.gradle.api.internal.tasks.execution.TaskExecution.executeWithPreviousOutputFiles(TaskExecution.java:219)
	at org.gradle.api.internal.tasks.execution.TaskExecution.execute(TaskExecution.java:185)
	at org.gradle.internal.execution.steps.ExecuteStep.executeInternal(ExecuteStep.java:167)
	at org.gradle.internal.execution.steps.ExecuteStep.access$000(ExecuteStep.java:47)
	at org.gradle.internal.execution.steps.ExecuteStep$1.call(ExecuteStep.java:137)
	at org.gradle.internal.execution.steps.ExecuteStep$1.call(ExecuteStep.java:134)
	at org.gradle.internal.operations.DefaultBuildOperationRunner$CallableBuildOperationWorker.execute(DefaultBuildOperationRunner.java:210)
	at org.gradle.internal.operations.DefaultBuildOperationRunner$CallableBuildOperationWorker.execute(DefaultBuildOperationRunner.java:205)
	at org.gradle.internal.operations.DefaultBuildOperationRunner$2.execute(DefaultBuildOperationRunner.java:67)
	at org.gradle.internal.operations.DefaultBuildOperationRunner$2.execute(DefaultBuildOperationRunner.java:60)
	at org.gradle.internal.operations.DefaultBuildOperationRunner.execute(DefaultBuildOperationRunner.java:167)
	at org.gradle.internal.operations.DefaultBuildOperationRunner.execute(DefaultBuildOperationRunner.java:60)
	at org.gradle.internal.operations.DefaultBuildOperationRunner.call(DefaultBuildOperationRunner.java:54)
	at org.gradle.internal.execution.steps.ExecuteStep.execute(ExecuteStep.java:134)
	at org.gradle.internal.execution.steps.ExecuteStep$Mutable.execute(ExecuteStep.java:80)
	at org.gradle.internal.execution.steps.CancelExecutionStep.execute(CancelExecutionStep.java:42)
	at org.gradle.internal.execution.steps.TimeoutStep.executeWithoutTimeout(TimeoutStep.java:75)
	at org.gradle.internal.execution.steps.TimeoutStep.execute(TimeoutStep.java:55)
	at org.gradle.internal.execution.steps.PreCreateOutputParentsStep.execute(PreCreateOutputParentsStep.java:51)
	at org.gradle.internal.execution.steps.PreCreateOutputParentsStep.execute(PreCreateOutputParentsStep.java:29)
	at org.gradle.internal.execution.steps.RemovePreviousOutputsStep.executeMutable(RemovePreviousOutputsStep.java:67)
	at org.gradle.internal.execution.steps.RemovePreviousOutputsStep.executeMutable(RemovePreviousOutputsStep.java:39)
	at org.gradle.internal.execution.steps.MutableStep.execute(MutableStep.java:26)
	at org.gradle.internal.execution.steps.BroadcastChangingOutputsStep.execute(BroadcastChangingOutputsStep.java:42)
	at org.gradle.internal.execution.steps.BroadcastChangingOutputsStep.execute(BroadcastChangingOutputsStep.java:24)
	at org.gradle.internal.execution.steps.CaptureOutputsAfterExecutionStep.execute(CaptureOutputsAfterExecutionStep.java:69)
	at org.gradle.internal.execution.steps.CaptureOutputsAfterExecutionStep.execute(CaptureOutputsAfterExecutionStep.java:46)
	at org.gradle.internal.execution.steps.ResolveInputChangesStep.executeMutable(ResolveInputChangesStep.java:39)
	at org.gradle.internal.execution.steps.ResolveInputChangesStep.executeMutable(ResolveInputChangesStep.java:28)
	at org.gradle.internal.execution.steps.MutableStep.execute(MutableStep.java:26)
	at org.gradle.internal.execution.steps.BuildCacheStep.executeWithoutCache(BuildCacheStep.java:189)
	at org.gradle.internal.execution.steps.BuildCacheStep.lambda$execute$1(BuildCacheStep.java:76)
	at org.gradle.internal.Either$Right.fold(Either.java:176)
	at org.gradle.internal.execution.caching.CachingState.fold(CachingState.java:62)
	at org.gradle.internal.execution.steps.BuildCacheStep.execute(BuildCacheStep.java:74)
	at org.gradle.internal.execution.steps.BuildCacheStep.execute(BuildCacheStep.java:49)
	at org.gradle.internal.execution.steps.StoreExecutionStateStep.executeMutable(StoreExecutionStateStep.java:46)
	at org.gradle.internal.execution.steps.StoreExecutionStateStep.executeMutable(StoreExecutionStateStep.java:35)
	at org.gradle.internal.execution.steps.MutableStep.execute(MutableStep.java:26)
	at org.gradle.internal.execution.steps.SkipUpToDateStep.executeBecause(SkipUpToDateStep.java:75)
	at org.gradle.internal.execution.steps.SkipUpToDateStep.lambda$execute$2(SkipUpToDateStep.java:53)
	at org.gradle.internal.execution.steps.SkipUpToDateStep.execute(SkipUpToDateStep.java:53)
	at org.gradle.internal.execution.steps.SkipUpToDateStep.execute(SkipUpToDateStep.java:35)
	at org.gradle.internal.execution.steps.legacy.MarkSnapshottingInputsFinishedStep.execute(MarkSnapshottingInputsFinishedStep.java:37)
	at org.gradle.internal.execution.steps.legacy.MarkSnapshottingInputsFinishedStep.execute(MarkSnapshottingInputsFinishedStep.java:27)
	at org.gradle.internal.execution.steps.ResolveMutableCachingStateStep.executeDelegate(ResolveMutableCachingStateStep.java:70)
	at org.gradle.internal.execution.steps.ResolveMutableCachingStateStep.executeDelegate(ResolveMutableCachingStateStep.java:32)
	at org.gradle.internal.execution.steps.AbstractResolveCachingStateStep.execute(AbstractResolveCachingStateStep.java:69)
	at org.gradle.internal.execution.steps.AbstractResolveCachingStateStep.execute(AbstractResolveCachingStateStep.java:37)
	at org.gradle.internal.execution.steps.ResolveChangesStep.executeMutable(ResolveChangesStep.java:63)
	at org.gradle.internal.execution.steps.ResolveChangesStep.executeMutable(ResolveChangesStep.java:34)
	at org.gradle.internal.execution.steps.MutableStep.execute(MutableStep.java:26)
	at org.gradle.internal.execution.steps.ValidateStep$Mutable.executeDelegate(ValidateStep.java:79)
	at org.gradle.internal.execution.steps.ValidateStep$Mutable.executeDelegate(ValidateStep.java:65)
	at org.gradle.internal.execution.steps.ValidateStep.execute(ValidateStep.java:105)
	at org.gradle.internal.execution.steps.ValidateStep$Mutable.execute(ValidateStep.java:65)
	at org.gradle.internal.execution.steps.CaptureMutableStateBeforeExecutionStep.executeMutable(CaptureMutableStateBeforeExecutionStep.java:86)
	at org.gradle.internal.execution.steps.CaptureMutableStateBeforeExecutionStep.execute(CaptureMutableStateBeforeExecutionStep.java:65)
	at org.gradle.internal.execution.steps.CaptureMutableStateBeforeExecutionStep.execute(CaptureMutableStateBeforeExecutionStep.java:45)
	at org.gradle.internal.execution.steps.SkipEmptyMutableWorkStep.executeWithNonEmptySources(SkipEmptyMutableWorkStep.java:210)
	at org.gradle.internal.execution.steps.SkipEmptyMutableWorkStep.executeMutable(SkipEmptyMutableWorkStep.java:90)
	at org.gradle.internal.execution.steps.SkipEmptyMutableWorkStep.executeMutable(SkipEmptyMutableWorkStep.java:53)
	at org.gradle.internal.execution.steps.MutableStep.execute(MutableStep.java:26)
	at org.gradle.internal.execution.steps.legacy.MarkSnapshottingInputsStartedStep.execute(MarkSnapshottingInputsStartedStep.java:38)
	at org.gradle.internal.execution.steps.LoadPreviousExecutionStateStep.executeMutable(LoadPreviousExecutionStateStep.java:36)
	at org.gradle.internal.execution.steps.LoadPreviousExecutionStateStep.executeMutable(LoadPreviousExecutionStateStep.java:23)
	at org.gradle.internal.execution.steps.MutableStep.execute(MutableStep.java:26)
	at org.gradle.internal.execution.steps.HandleStaleOutputsStep.executeMutable(HandleStaleOutputsStep.java:77)
	at org.gradle.internal.execution.steps.HandleStaleOutputsStep.executeMutable(HandleStaleOutputsStep.java:43)
	at org.gradle.internal.execution.steps.MutableStep.execute(MutableStep.java:26)
	at org.gradle.internal.execution.steps.AssignMutableWorkspaceStep.lambda$executeMutable$0(AssignMutableWorkspaceStep.java:34)
	at org.gradle.api.internal.tasks.execution.TaskExecution$4.withWorkspace(TaskExecution.java:314)
	at org.gradle.internal.execution.steps.AssignMutableWorkspaceStep.executeMutable(AssignMutableWorkspaceStep.java:30)
	at org.gradle.internal.execution.steps.AssignMutableWorkspaceStep.executeMutable(AssignMutableWorkspaceStep.java:21)
	at org.gradle.internal.execution.steps.MutableStep.execute(MutableStep.java:26)
	at org.gradle.internal.execution.steps.ChoosePipelineStep.execute(ChoosePipelineStep.java:40)
	at org.gradle.internal.execution.steps.ChoosePipelineStep.execute(ChoosePipelineStep.java:23)
	at org.gradle.internal.execution.steps.ExecuteWorkBuildOperationFiringStep.lambda$execute$2(ExecuteWorkBuildOperationFiringStep.java:67)
	at org.gradle.internal.execution.steps.ExecuteWorkBuildOperationFiringStep.execute(ExecuteWorkBuildOperationFiringStep.java:67)
	at org.gradle.internal.execution.steps.ExecuteWorkBuildOperationFiringStep.execute(ExecuteWorkBuildOperationFiringStep.java:39)
	at org.gradle.internal.execution.steps.IdentityCacheStep.execute(IdentityCacheStep.java:46)
	at org.gradle.internal.execution.steps.IdentityCacheStep.execute(IdentityCacheStep.java:34)
	at org.gradle.internal.execution.steps.IdentifyStep.execute(IdentifyStep.java:56)
	at org.gradle.internal.execution.steps.IdentifyStep.execute(IdentifyStep.java:38)
	at org.gradle.internal.execution.impl.DefaultExecutionEngine$1.execute(DefaultExecutionEngine.java:68)
	at org.gradle.api.internal.tasks.execution.DefaultTaskNodeExecutor.doExecute(DefaultTaskNodeExecutor.java:364)
	... 25 more


BUILD FAILED in 24s
1 actionable task: 1 executed
