/home/runner/work/worst-luck-possible-port/worst-luck-possible-port/src/main/java/com/worstluckpossible/feature/WorstTradeOffers.java:56: error: BuyItemFactory has private access in TradeOffers
/home/runner/work/worst-luck-possible-port/worst-luck-possible-port/src/main/java/com/worstluckpossible/feature/WorstTradeOffers.java:57: error: SellItemFactory has private access in TradeOffers
/home/runner/work/worst-luck-possible-port/worst-luck-possible-port/src/main/java/com/worstluckpossible/feature/WorstTradeOffers.java:59: error: SellItemFactory has private access in TradeOffers
/home/runner/work/worst-luck-possible-port/worst-luck-possible-port/src/main/java/com/worstluckpossible/feature/WorstTradeOffers.java:60: error: SellItemFactory has private access in TradeOffers
/home/runner/work/worst-luck-possible-port/worst-luck-possible-port/src/main/java/com/worstluckpossible/feature/WorstTradeOffers.java:64: error: BuyItemFactory has private access in TradeOffers
/home/runner/work/worst-luck-possible-port/worst-luck-possible-port/src/main/java/com/worstluckpossible/feature/WorstTradeOffers.java:65: error: SellMapFactory has private access in TradeOffers
/home/runner/work/worst-luck-possible-port/worst-luck-possible-port/src/main/java/com/worstluckpossible/feature/WorstTradeOffers.java:70: error: BuyItemFactory has private access in TradeOffers
/home/runner/work/worst-luck-possible-port/worst-luck-possible-port/src/main/java/com/worstluckpossible/feature/WorstTradeOffers.java:71: error: SellItemFactory has private access in TradeOffers
/home/runner/work/worst-luck-possible-port/worst-luck-possible-port/src/main/java/com/worstluckpossible/feature/WorstTradeOffers.java:75: error: BuyItemFactory has private access in TradeOffers
/home/runner/work/worst-luck-possible-port/worst-luck-possible-port/src/main/java/com/worstluckpossible/feature/WorstTradeOffers.java:76: error: SellItemFactory has private access in TradeOffers
/home/runner/work/worst-luck-possible-port/worst-luck-possible-port/src/main/java/com/worstluckpossible/feature/WorstTradeOffers.java:78: error: SellItemFactory has private access in TradeOffers
/home/runner/work/worst-luck-possible-port/worst-luck-possible-port/src/main/java/com/worstluckpossible/feature/WorstTradeOffers.java:79: error: SellItemFactory has private access in TradeOffers
/home/runner/work/worst-luck-possible-port/worst-luck-possible-port/src/main/java/com/worstluckpossible/feature/WorstTradeOffers.java:81: error: SellSuspiciousStewFactory has private access in TradeOffers
/home/runner/work/worst-luck-possible-port/worst-luck-possible-port/src/main/java/com/worstluckpossible/feature/WorstTradeOffers.java:82: error: SellSuspiciousStewFactory has private access in TradeOffers
/home/runner/work/worst-luck-possible-port/worst-luck-possible-port/src/main/java/com/worstluckpossible/feature/WorstTradeOffers.java:86: error: ProcessItemFactory has private access in TradeOffers
/home/runner/work/worst-luck-possible-port/worst-luck-possible-port/src/main/java/com/worstluckpossible/feature/WorstTradeOffers.java:87: error: SellItemFactory has private access in TradeOffers
/home/runner/work/worst-luck-possible-port/worst-luck-possible-port/src/main/java/com/worstluckpossible/feature/WorstTradeOffers.java:89: error: ProcessItemFactory has private access in TradeOffers
/home/runner/work/worst-luck-possible-port/worst-luck-possible-port/src/main/java/com/worstluckpossible/feature/WorstTradeOffers.java:90: error: SellItemFactory has private access in TradeOffers
/home/runner/work/worst-luck-possible-port/worst-luck-possible-port/src/main/java/com/worstluckpossible/feature/WorstTradeOffers.java:94: error: SellItemFactory has private access in TradeOffers
/home/runner/work/worst-luck-possible-port/worst-luck-possible-port/src/main/java/com/worstluckpossible/feature/WorstTradeOffers.java:95: error: ProcessItemFactory has private access in TradeOffers
/home/runner/work/worst-luck-possible-port/worst-luck-possible-port/src/main/java/com/worstluckpossible/feature/WorstTradeOffers.java:97: error: BuyItemFactory has private access in TradeOffers
/home/runner/work/worst-luck-possible-port/worst-luck-possible-port/src/main/java/com/worstluckpossible/feature/WorstTradeOffers.java:105: error: SellDyedArmorFactory has private access in TradeOffers
/home/runner/work/worst-luck-possible-port/worst-luck-possible-port/src/main/java/com/worstluckpossible/feature/WorstTradeOffers.java:106: error: SellDyedArmorFactory has private access in TradeOffers
/home/runner/work/worst-luck-possible-port/worst-luck-possible-port/src/main/java/com/worstluckpossible/feature/WorstTradeOffers.java:108: error: SellDyedArmorFactory has private access in TradeOffers
/home/runner/work/worst-luck-possible-port/worst-luck-possible-port/src/main/java/com/worstluckpossible/feature/WorstTradeOffers.java:109: error: SellDyedArmorFactory has private access in TradeOffers
/home/runner/work/worst-luck-possible-port/worst-luck-possible-port/src/main/java/com/worstluckpossible/feature/WorstTradeOffers.java:114: error: SellItemFactory has private access in TradeOffers
/home/runner/work/worst-luck-possible-port/worst-luck-possible-port/src/main/java/com/worstluckpossible/feature/WorstTradeOffers.java:117: error: SellItemFactory has private access in TradeOffers
/home/runner/work/worst-luck-possible-port/worst-luck-possible-port/src/main/java/com/worstluckpossible/feature/WorstTradeOffers.java:120: error: SellItemFactory has private access in TradeOffers
/home/runner/work/worst-luck-possible-port/worst-luck-possible-port/src/main/java/com/worstluckpossible/feature/WorstTradeOffers.java:123: error: SellItemFactory has private access in TradeOffers
/home/runner/work/worst-luck-possible-port/worst-luck-possible-port/src/main/java/com/worstluckpossible/feature/WorstTradeOffers.java:138: error: BuyItemFactory has private access in TradeOffers
/home/runner/work/worst-luck-possible-port/worst-luck-possible-port/src/main/java/com/worstluckpossible/feature/WorstTradeOffers.java:139: error: SellItemFactory has private access in TradeOffers
/home/runner/work/worst-luck-possible-port/worst-luck-possible-port/src/main/java/com/worstluckpossible/feature/WorstTradeOffers.java:141: error: SellItemFactory has private access in TradeOffers
/home/runner/work/worst-luck-possible-port/worst-luck-possible-port/src/main/java/com/worstluckpossible/feature/WorstTradeOffers.java:142: error: SellItemFactory has private access in TradeOffers
/home/runner/work/worst-luck-possible-port/worst-luck-possible-port/src/main/java/com/worstluckpossible/feature/WorstTradeOffers.java:144: error: SellItemFactory has private access in TradeOffers
/home/runner/work/worst-luck-possible-port/worst-luck-possible-port/src/main/java/com/worstluckpossible/feature/WorstTradeOffers.java:145: error: SellItemFactory has private access in TradeOffers
/home/runner/work/worst-luck-possible-port/worst-luck-possible-port/src/main/java/com/worstluckpossible/feature/WorstTradeOffers.java:147: error: SellItemFactory has private access in TradeOffers
/home/runner/work/worst-luck-possible-port/worst-luck-possible-port/src/main/java/com/worstluckpossible/feature/WorstTradeOffers.java:148: error: SellItemFactory has private access in TradeOffers
/home/runner/work/worst-luck-possible-port/worst-luck-possible-port/src/main/java/com/worstluckpossible/feature/WorstTradeOffers.java:152: error: SellItemFactory has private access in TradeOffers
/home/runner/work/worst-luck-possible-port/worst-luck-possible-port/src/main/java/com/worstluckpossible/feature/WorstTradeOffers.java:153: error: SellItemFactory has private access in TradeOffers
/home/runner/work/worst-luck-possible-port/worst-luck-possible-port/src/main/java/com/worstluckpossible/feature/WorstTradeOffers.java:155: error: SellItemFactory has private access in TradeOffers
/home/runner/work/worst-luck-possible-port/worst-luck-possible-port/src/main/java/com/worstluckpossible/feature/WorstTradeOffers.java:156: error: SellItemFactory has private access in TradeOffers
/home/runner/work/worst-luck-possible-port/worst-luck-possible-port/src/main/java/com/worstluckpossible/feature/WorstTradeOffers.java:163: error: BuyItemFactory has private access in TradeOffers
/home/runner/work/worst-luck-possible-port/worst-luck-possible-port/src/main/java/com/worstluckpossible/feature/WorstTradeOffers.java:170: error: SellItemFactory has private access in TradeOffers
FAILURE: Build failed with an exception.
  /home/runner/work/worst-luck-possible-port/worst-luck-possible-port/src/main/java/com/worstluckpossible/feature/WorstTradeOffers.java:56: error: BuyItemFactory has private access in TradeOffers
  /home/runner/work/worst-luck-possible-port/worst-luck-possible-port/src/main/java/com/worstluckpossible/feature/WorstTradeOffers.java:57: error: SellItemFactory has private access in TradeOffers
  /home/runner/work/worst-luck-possible-port/worst-luck-possible-port/src/main/java/com/worstluckpossible/feature/WorstTradeOffers.java:59: error: SellItemFactory has private access in TradeOffers
  /home/runner/work/worst-luck-possible-port/worst-luck-possible-port/src/main/java/com/worstluckpossible/feature/WorstTradeOffers.java:60: error: SellItemFactory has private access in TradeOffers
  /home/runner/work/worst-luck-possible-port/worst-luck-possible-port/src/main/java/com/worstluckpossible/feature/WorstTradeOffers.java:64: error: BuyItemFactory has private access in TradeOffers
  /home/runner/work/worst-luck-possible-port/worst-luck-possible-port/src/main/java/com/worstluckpossible/feature/WorstTradeOffers.java:65: error: SellMapFactory has private access in TradeOffers
  /home/runner/work/worst-luck-possible-port/worst-luck-possible-port/src/main/java/com/worstluckpossible/feature/WorstTradeOffers.java:70: error: BuyItemFactory has private access in TradeOffers
  /home/runner/work/worst-luck-possible-port/worst-luck-possible-port/src/main/java/com/worstluckpossible/feature/WorstTradeOffers.java:71: error: SellItemFactory has private access in TradeOffers
  /home/runner/work/worst-luck-possible-port/worst-luck-possible-port/src/main/java/com/worstluckpossible/feature/WorstTradeOffers.java:75: error: BuyItemFactory has private access in TradeOffers
  /home/runner/work/worst-luck-possible-port/worst-luck-possible-port/src/main/java/com/worstluckpossible/feature/WorstTradeOffers.java:76: error: SellItemFactory has private access in TradeOffers
  /home/runner/work/worst-luck-possible-port/worst-luck-possible-port/src/main/java/com/worstluckpossible/feature/WorstTradeOffers.java:78: error: SellItemFactory has private access in TradeOffers
  /home/runner/work/worst-luck-possible-port/worst-luck-possible-port/src/main/java/com/worstluckpossible/feature/WorstTradeOffers.java:79: error: SellItemFactory has private access in TradeOffers
  /home/runner/work/worst-luck-possible-port/worst-luck-possible-port/src/main/java/com/worstluckpossible/feature/WorstTradeOffers.java:81: error: SellSuspiciousStewFactory has private access in TradeOffers
  /home/runner/work/worst-luck-possible-port/worst-luck-possible-port/src/main/java/com/worstluckpossible/feature/WorstTradeOffers.java:82: error: SellSuspiciousStewFactory has private access in TradeOffers
  /home/runner/work/worst-luck-possible-port/worst-luck-possible-port/src/main/java/com/worstluckpossible/feature/WorstTradeOffers.java:86: error: ProcessItemFactory has private access in TradeOffers
  /home/runner/work/worst-luck-possible-port/worst-luck-possible-port/src/main/java/com/worstluckpossible/feature/WorstTradeOffers.java:87: error: SellItemFactory has private access in TradeOffers
  /home/runner/work/worst-luck-possible-port/worst-luck-possible-port/src/main/java/com/worstluckpossible/feature/WorstTradeOffers.java:89: error: ProcessItemFactory has private access in TradeOffers
  /home/runner/work/worst-luck-possible-port/worst-luck-possible-port/src/main/java/com/worstluckpossible/feature/WorstTradeOffers.java:90: error: SellItemFactory has private access in TradeOffers
  /home/runner/work/worst-luck-possible-port/worst-luck-possible-port/src/main/java/com/worstluckpossible/feature/WorstTradeOffers.java:94: error: SellItemFactory has private access in TradeOffers
  /home/runner/work/worst-luck-possible-port/worst-luck-possible-port/src/main/java/com/worstluckpossible/feature/WorstTradeOffers.java:95: error: ProcessItemFactory has private access in TradeOffers
  /home/runner/work/worst-luck-possible-port/worst-luck-possible-port/src/main/java/com/worstluckpossible/feature/WorstTradeOffers.java:97: error: BuyItemFactory has private access in TradeOffers
  /home/runner/work/worst-luck-possible-port/worst-luck-possible-port/src/main/java/com/worstluckpossible/feature/WorstTradeOffers.java:105: error: SellDyedArmorFactory has private access in TradeOffers
  /home/runner/work/worst-luck-possible-port/worst-luck-possible-port/src/main/java/com/worstluckpossible/feature/WorstTradeOffers.java:106: error: SellDyedArmorFactory has private access in TradeOffers
  /home/runner/work/worst-luck-possible-port/worst-luck-possible-port/src/main/java/com/worstluckpossible/feature/WorstTradeOffers.java:108: error: SellDyedArmorFactory has private access in TradeOffers
  /home/runner/work/worst-luck-possible-port/worst-luck-possible-port/src/main/java/com/worstluckpossible/feature/WorstTradeOffers.java:109: error: SellDyedArmorFactory has private access in TradeOffers
  /home/runner/work/worst-luck-possible-port/worst-luck-possible-port/src/main/java/com/worstluckpossible/feature/WorstTradeOffers.java:114: error: SellItemFactory has private access in TradeOffers
  /home/runner/work/worst-luck-possible-port/worst-luck-possible-port/src/main/java/com/worstluckpossible/feature/WorstTradeOffers.java:117: error: SellItemFactory has private access in TradeOffers
  /home/runner/work/worst-luck-possible-port/worst-luck-possible-port/src/main/java/com/worstluckpossible/feature/WorstTradeOffers.java:120: error: SellItemFactory has private access in TradeOffers
  /home/runner/work/worst-luck-possible-port/worst-luck-possible-port/src/main/java/com/worstluckpossible/feature/WorstTradeOffers.java:123: error: SellItemFactory has private access in TradeOffers
  /home/runner/work/worst-luck-possible-port/worst-luck-possible-port/src/main/java/com/worstluckpossible/feature/WorstTradeOffers.java:138: error: BuyItemFactory has private access in TradeOffers
  /home/runner/work/worst-luck-possible-port/worst-luck-possible-port/src/main/java/com/worstluckpossible/feature/WorstTradeOffers.java:139: error: SellItemFactory has private access in TradeOffers
  /home/runner/work/worst-luck-possible-port/worst-luck-possible-port/src/main/java/com/worstluckpossible/feature/WorstTradeOffers.java:141: error: SellItemFactory has private access in TradeOffers
  /home/runner/work/worst-luck-possible-port/worst-luck-possible-port/src/main/java/com/worstluckpossible/feature/WorstTradeOffers.java:142: error: SellItemFactory has private access in TradeOffers
  /home/runner/work/worst-luck-possible-port/worst-luck-possible-port/src/main/java/com/worstluckpossible/feature/WorstTradeOffers.java:144: error: SellItemFactory has private access in TradeOffers
  /home/runner/work/worst-luck-possible-port/worst-luck-possible-port/src/main/java/com/worstluckpossible/feature/WorstTradeOffers.java:145: error: SellItemFactory has private access in TradeOffers
  /home/runner/work/worst-luck-possible-port/worst-luck-possible-port/src/main/java/com/worstluckpossible/feature/WorstTradeOffers.java:147: error: SellItemFactory has private access in TradeOffers
  /home/runner/work/worst-luck-possible-port/worst-luck-possible-port/src/main/java/com/worstluckpossible/feature/WorstTradeOffers.java:148: error: SellItemFactory has private access in TradeOffers
  /home/runner/work/worst-luck-possible-port/worst-luck-possible-port/src/main/java/com/worstluckpossible/feature/WorstTradeOffers.java:152: error: SellItemFactory has private access in TradeOffers
  /home/runner/work/worst-luck-possible-port/worst-luck-possible-port/src/main/java/com/worstluckpossible/feature/WorstTradeOffers.java:153: error: SellItemFactory has private access in TradeOffers
  /home/runner/work/worst-luck-possible-port/worst-luck-possible-port/src/main/java/com/worstluckpossible/feature/WorstTradeOffers.java:155: error: SellItemFactory has private access in TradeOffers
  /home/runner/work/worst-luck-possible-port/worst-luck-possible-port/src/main/java/com/worstluckpossible/feature/WorstTradeOffers.java:156: error: SellItemFactory has private access in TradeOffers
  /home/runner/work/worst-luck-possible-port/worst-luck-possible-port/src/main/java/com/worstluckpossible/feature/WorstTradeOffers.java:163: error: BuyItemFactory has private access in TradeOffers
  /home/runner/work/worst-luck-possible-port/worst-luck-possible-port/src/main/java/com/worstluckpossible/feature/WorstTradeOffers.java:170: error: SellItemFactory has private access in TradeOffers
Caused by: org.gradle.api.internal.tasks.compile.CompilationFailedException: Compilation failed; see the compiler output below.
/home/runner/work/worst-luck-possible-port/worst-luck-possible-port/src/main/java/com/worstluckpossible/feature/WorstTradeOffers.java:56: error: BuyItemFactory has private access in TradeOffers
/home/runner/work/worst-luck-possible-port/worst-luck-possible-port/src/main/java/com/worstluckpossible/feature/WorstTradeOffers.java:57: error: SellItemFactory has private access in TradeOffers
/home/runner/work/worst-luck-possible-port/worst-luck-possible-port/src/main/java/com/worstluckpossible/feature/WorstTradeOffers.java:59: error: SellItemFactory has private access in TradeOffers
/home/runner/work/worst-luck-possible-port/worst-luck-possible-port/src/main/java/com/worstluckpossible/feature/WorstTradeOffers.java:60: error: SellItemFactory has private access in TradeOffers
/home/runner/work/worst-luck-possible-port/worst-luck-possible-port/src/main/java/com/worstluckpossible/feature/WorstTradeOffers.java:64: error: BuyItemFactory has private access in TradeOffers
/home/runner/work/worst-luck-possible-port/worst-luck-possible-port/src/main/java/com/worstluckpossible/feature/WorstTradeOffers.java:65: error: SellMapFactory has private access in TradeOffers
/home/runner/work/worst-luck-possible-port/worst-luck-possible-port/src/main/java/com/worstluckpossible/feature/WorstTradeOffers.java:70: error: BuyItemFactory has private access in TradeOffers
/home/runner/work/worst-luck-possible-port/worst-luck-possible-port/src/main/java/com/worstluckpossible/feature/WorstTradeOffers.java:71: error: SellItemFactory has private access in TradeOffers
/home/runner/work/worst-luck-possible-port/worst-luck-possible-port/src/main/java/com/worstluckpossible/feature/WorstTradeOffers.java:75: error: BuyItemFactory has private access in TradeOffers
/home/runner/work/worst-luck-possible-port/worst-luck-possible-port/src/main/java/com/worstluckpossible/feature/WorstTradeOffers.java:76: error: SellItemFactory has private access in TradeOffers
/home/runner/work/worst-luck-possible-port/worst-luck-possible-port/src/main/java/com/worstluckpossible/feature/WorstTradeOffers.java:78: error: SellItemFactory has private access in TradeOffers
/home/runner/work/worst-luck-possible-port/worst-luck-possible-port/src/main/java/com/worstluckpossible/feature/WorstTradeOffers.java:79: error: SellItemFactory has private access in TradeOffers
/home/runner/work/worst-luck-possible-port/worst-luck-possible-port/src/main/java/com/worstluckpossible/feature/WorstTradeOffers.java:81: error: SellSuspiciousStewFactory has private access in TradeOffers
/home/runner/work/worst-luck-possible-port/worst-luck-possible-port/src/main/java/com/worstluckpossible/feature/WorstTradeOffers.java:82: error: SellSuspiciousStewFactory has private access in TradeOffers
/home/runner/work/worst-luck-possible-port/worst-luck-possible-port/src/main/java/com/worstluckpossible/feature/WorstTradeOffers.java:86: error: ProcessItemFactory has private access in TradeOffers
/home/runner/work/worst-luck-possible-port/worst-luck-possible-port/src/main/java/com/worstluckpossible/feature/WorstTradeOffers.java:87: error: SellItemFactory has private access in TradeOffers
/home/runner/work/worst-luck-possible-port/worst-luck-possible-port/src/main/java/com/worstluckpossible/feature/WorstTradeOffers.java:89: error: ProcessItemFactory has private access in TradeOffers
/home/runner/work/worst-luck-possible-port/worst-luck-possible-port/src/main/java/com/worstluckpossible/feature/WorstTradeOffers.java:90: error: SellItemFactory has private access in TradeOffers
/home/runner/work/worst-luck-possible-port/worst-luck-possible-port/src/main/java/com/worstluckpossible/feature/WorstTradeOffers.java:94: error: SellItemFactory has private access in TradeOffers
/home/runner/work/worst-luck-possible-port/worst-luck-possible-port/src/main/java/com/worstluckpossible/feature/WorstTradeOffers.java:95: error: ProcessItemFactory has private access in TradeOffers
/home/runner/work/worst-luck-possible-port/worst-luck-possible-port/src/main/java/com/worstluckpossible/feature/WorstTradeOffers.java:97: error: BuyItemFactory has private access in TradeOffers
/home/runner/work/worst-luck-possible-port/worst-luck-possible-port/src/main/java/com/worstluckpossible/feature/WorstTradeOffers.java:105: error: SellDyedArmorFactory has private access in TradeOffers
/home/runner/work/worst-luck-possible-port/worst-luck-possible-port/src/main/java/com/worstluckpossible/feature/WorstTradeOffers.java:106: error: SellDyedArmorFactory has private access in TradeOffers
/home/runner/work/worst-luck-possible-port/worst-luck-possible-port/src/main/java/com/worstluckpossible/feature/WorstTradeOffers.java:108: error: SellDyedArmorFactory has private access in TradeOffers
/home/runner/work/worst-luck-possible-port/worst-luck-possible-port/src/main/java/com/worstluckpossible/feature/WorstTradeOffers.java:109: error: SellDyedArmorFactory has private access in TradeOffers
/home/runner/work/worst-luck-possible-port/worst-luck-possible-port/src/main/java/com/worstluckpossible/feature/WorstTradeOffers.java:114: error: SellItemFactory has private access in TradeOffers
/home/runner/work/worst-luck-possible-port/worst-luck-possible-port/src/main/java/com/worstluckpossible/feature/WorstTradeOffers.java:117: error: SellItemFactory has private access in TradeOffers
/home/runner/work/worst-luck-possible-port/worst-luck-possible-port/src/main/java/com/worstluckpossible/feature/WorstTradeOffers.java:120: error: SellItemFactory has private access in TradeOffers
/home/runner/work/worst-luck-possible-port/worst-luck-possible-port/src/main/java/com/worstluckpossible/feature/WorstTradeOffers.java:123: error: SellItemFactory has private access in TradeOffers
/home/runner/work/worst-luck-possible-port/worst-luck-possible-port/src/main/java/com/worstluckpossible/feature/WorstTradeOffers.java:138: error: BuyItemFactory has private access in TradeOffers
/home/runner/work/worst-luck-possible-port/worst-luck-possible-port/src/main/java/com/worstluckpossible/feature/WorstTradeOffers.java:139: error: SellItemFactory has private access in TradeOffers
/home/runner/work/worst-luck-possible-port/worst-luck-possible-port/src/main/java/com/worstluckpossible/feature/WorstTradeOffers.java:141: error: SellItemFactory has private access in TradeOffers
/home/runner/work/worst-luck-possible-port/worst-luck-possible-port/src/main/java/com/worstluckpossible/feature/WorstTradeOffers.java:142: error: SellItemFactory has private access in TradeOffers
/home/runner/work/worst-luck-possible-port/worst-luck-possible-port/src/main/java/com/worstluckpossible/feature/WorstTradeOffers.java:144: error: SellItemFactory has private access in TradeOffers
/home/runner/work/worst-luck-possible-port/worst-luck-possible-port/src/main/java/com/worstluckpossible/feature/WorstTradeOffers.java:145: error: SellItemFactory has private access in TradeOffers
/home/runner/work/worst-luck-possible-port/worst-luck-possible-port/src/main/java/com/worstluckpossible/feature/WorstTradeOffers.java:147: error: SellItemFactory has private access in TradeOffers
/home/runner/work/worst-luck-possible-port/worst-luck-possible-port/src/main/java/com/worstluckpossible/feature/WorstTradeOffers.java:148: error: SellItemFactory has private access in TradeOffers
/home/runner/work/worst-luck-possible-port/worst-luck-possible-port/src/main/java/com/worstluckpossible/feature/WorstTradeOffers.java:152: error: SellItemFactory has private access in TradeOffers
/home/runner/work/worst-luck-possible-port/worst-luck-possible-port/src/main/java/com/worstluckpossible/feature/WorstTradeOffers.java:153: error: SellItemFactory has private access in TradeOffers
/home/runner/work/worst-luck-possible-port/worst-luck-possible-port/src/main/java/com/worstluckpossible/feature/WorstTradeOffers.java:155: error: SellItemFactory has private access in TradeOffers
/home/runner/work/worst-luck-possible-port/worst-luck-possible-port/src/main/java/com/worstluckpossible/feature/WorstTradeOffers.java:156: error: SellItemFactory has private access in TradeOffers
/home/runner/work/worst-luck-possible-port/worst-luck-possible-port/src/main/java/com/worstluckpossible/feature/WorstTradeOffers.java:163: error: BuyItemFactory has private access in TradeOffers
/home/runner/work/worst-luck-possible-port/worst-luck-possible-port/src/main/java/com/worstluckpossible/feature/WorstTradeOffers.java:170: error: SellItemFactory has private access in TradeOffers
BUILD FAILED in 24s
