Downloading Minecraft server
Installing Fabric Loader 0.19.5(1.21.11) on the server
Downloading required files
Downloading library org.ow2.asm:asm:9.10.1
Downloading library org.ow2.asm:asm-analysis:9.10.1
Downloading library org.ow2.asm:asm-commons:9.10.1
Downloading library org.ow2.asm:asm-tree:9.10.1
Downloading library org.ow2.asm:asm-util:9.10.1
Downloading library net.fabricmc:sponge-mixin:0.17.4+mixin.0.8.7
Downloading library net.fabricmc:intermediary:1.21.11
Downloading library net.fabricmc:fabric-loader:0.19.5
Generating server launch JAR
Unpacking 1.21.11/server-1.21.11.jar (versions:1.21.11) to versions/1.21.11/server-1.21.11.jar
Unpacking at/yawk/lz4/lz4-java/1.8.1/lz4-java-1.8.1.jar (libraries:at.yawk.lz4:lz4-java:1.8.1) to libraries/at/yawk/lz4/lz4-java/1.8.1/lz4-java-1.8.1.jar
Unpacking com/azure/azure-json/1.4.0/azure-json-1.4.0.jar (libraries:com.azure:azure-json:1.4.0) to libraries/com/azure/azure-json/1.4.0/azure-json-1.4.0.jar
Unpacking com/github/oshi/oshi-core/6.9.0/oshi-core-6.9.0.jar (libraries:com.github.oshi:oshi-core:6.9.0) to libraries/com/github/oshi/oshi-core/6.9.0/oshi-core-6.9.0.jar
Unpacking com/google/code/gson/gson/2.13.2/gson-2.13.2.jar (libraries:com.google.code.gson:gson:2.13.2) to libraries/com/google/code/gson/gson/2.13.2/gson-2.13.2.jar
Unpacking com/google/guava/failureaccess/1.0.3/failureaccess-1.0.3.jar (libraries:com.google.guava:failureaccess:1.0.3) to libraries/com/google/guava/failureaccess/1.0.3/failureaccess-1.0.3.jar
Unpacking com/google/guava/guava/33.5.0-jre/guava-33.5.0-jre.jar (libraries:com.google.guava:guava:33.5.0-jre) to libraries/com/google/guava/guava/33.5.0-jre/guava-33.5.0-jre.jar
Unpacking com/microsoft/azure/msal4j/1.23.1/msal4j-1.23.1.jar (libraries:com.microsoft.azure:msal4j:1.23.1) to libraries/com/microsoft/azure/msal4j/1.23.1/msal4j-1.23.1.jar
Unpacking com/mojang/authlib/7.0.61/authlib-7.0.61.jar (libraries:com.mojang:authlib:7.0.61) to libraries/com/mojang/authlib/7.0.61/authlib-7.0.61.jar
Unpacking com/mojang/brigadier/1.3.10/brigadier-1.3.10.jar (libraries:com.mojang:brigadier:1.3.10) to libraries/com/mojang/brigadier/1.3.10/brigadier-1.3.10.jar
Unpacking com/mojang/datafixerupper/9.0.19/datafixerupper-9.0.19.jar (libraries:com.mojang:datafixerupper:9.0.19) to libraries/com/mojang/datafixerupper/9.0.19/datafixerupper-9.0.19.jar
Unpacking com/mojang/jtracy/1.0.37/jtracy-1.0.37.jar (libraries:com.mojang:jtracy:1.0.37) to libraries/com/mojang/jtracy/1.0.37/jtracy-1.0.37.jar
Unpacking com/mojang/logging/1.6.11/logging-1.6.11.jar (libraries:com.mojang:logging:1.6.11) to libraries/com/mojang/logging/1.6.11/logging-1.6.11.jar
Unpacking commons-io/commons-io/2.20.0/commons-io-2.20.0.jar (libraries:commons-io:commons-io:2.20.0) to libraries/commons-io/commons-io/2.20.0/commons-io-2.20.0.jar
Unpacking io/netty/netty-buffer/4.2.7.Final/netty-buffer-4.2.7.Final.jar (libraries:io.netty:netty-buffer:4.2.7.Final) to libraries/io/netty/netty-buffer/4.2.7.Final/netty-buffer-4.2.7.Final.jar
Unpacking io/netty/netty-codec-base/4.2.7.Final/netty-codec-base-4.2.7.Final.jar (libraries:io.netty:netty-codec-base:4.2.7.Final) to libraries/io/netty/netty-codec-base/4.2.7.Final/netty-codec-base-4.2.7.Final.jar
Unpacking io/netty/netty-codec-compression/4.2.7.Final/netty-codec-compression-4.2.7.Final.jar (libraries:io.netty:netty-codec-compression:4.2.7.Final) to libraries/io/netty/netty-codec-compression/4.2.7.Final/netty-codec-compression-4.2.7.Final.jar
Unpacking io/netty/netty-codec-http/4.2.7.Final/netty-codec-http-4.2.7.Final.jar (libraries:io.netty:netty-codec-http:4.2.7.Final) to libraries/io/netty/netty-codec-http/4.2.7.Final/netty-codec-http-4.2.7.Final.jar
Unpacking io/netty/netty-common/4.2.7.Final/netty-common-4.2.7.Final.jar (libraries:io.netty:netty-common:4.2.7.Final) to libraries/io/netty/netty-common/4.2.7.Final/netty-common-4.2.7.Final.jar
Unpacking io/netty/netty-handler/4.2.7.Final/netty-handler-4.2.7.Final.jar (libraries:io.netty:netty-handler:4.2.7.Final) to libraries/io/netty/netty-handler/4.2.7.Final/netty-handler-4.2.7.Final.jar
Unpacking io/netty/netty-resolver/4.2.7.Final/netty-resolver-4.2.7.Final.jar (libraries:io.netty:netty-resolver:4.2.7.Final) to libraries/io/netty/netty-resolver/4.2.7.Final/netty-resolver-4.2.7.Final.jar
Unpacking io/netty/netty-transport/4.2.7.Final/netty-transport-4.2.7.Final.jar (libraries:io.netty:netty-transport:4.2.7.Final) to libraries/io/netty/netty-transport/4.2.7.Final/netty-transport-4.2.7.Final.jar
Unpacking io/netty/netty-transport-classes-epoll/4.2.7.Final/netty-transport-classes-epoll-4.2.7.Final.jar (libraries:io.netty:netty-transport-classes-epoll:4.2.7.Final) to libraries/io/netty/netty-transport-classes-epoll/4.2.7.Final/netty-transport-classes-epoll-4.2.7.Final.jar
Unpacking io/netty/netty-transport-classes-kqueue/4.2.7.Final/netty-transport-classes-kqueue-4.2.7.Final.jar (libraries:io.netty:netty-transport-classes-kqueue:4.2.7.Final) to libraries/io/netty/netty-transport-classes-kqueue/4.2.7.Final/netty-transport-classes-kqueue-4.2.7.Final.jar
Unpacking io/netty/netty-transport-native-epoll/4.2.7.Final/netty-transport-native-epoll-4.2.7.Final-linux-x86_64.jar (libraries:io.netty:netty-transport-native-epoll:4.2.7.Final:linux-x86_64) to libraries/io/netty/netty-transport-native-epoll/4.2.7.Final/netty-transport-native-epoll-4.2.7.Final-linux-x86_64.jar
Unpacking io/netty/netty-transport-native-epoll/4.2.7.Final/netty-transport-native-epoll-4.2.7.Final-linux-aarch_64.jar (libraries:io.netty:netty-transport-native-epoll:4.2.7.Final:linux-aarch_64) to libraries/io/netty/netty-transport-native-epoll/4.2.7.Final/netty-transport-native-epoll-4.2.7.Final-linux-aarch_64.jar
Unpacking io/netty/netty-transport-native-kqueue/4.2.7.Final/netty-transport-native-kqueue-4.2.7.Final-osx-x86_64.jar (libraries:io.netty:netty-transport-native-kqueue:4.2.7.Final:osx-x86_64) to libraries/io/netty/netty-transport-native-kqueue/4.2.7.Final/netty-transport-native-kqueue-4.2.7.Final-osx-x86_64.jar
Unpacking io/netty/netty-transport-native-kqueue/4.2.7.Final/netty-transport-native-kqueue-4.2.7.Final-osx-aarch_64.jar (libraries:io.netty:netty-transport-native-kqueue:4.2.7.Final:osx-aarch_64) to libraries/io/netty/netty-transport-native-kqueue/4.2.7.Final/netty-transport-native-kqueue-4.2.7.Final-osx-aarch_64.jar
Unpacking io/netty/netty-transport-native-unix-common/4.2.7.Final/netty-transport-native-unix-common-4.2.7.Final.jar (libraries:io.netty:netty-transport-native-unix-common:4.2.7.Final) to libraries/io/netty/netty-transport-native-unix-common/4.2.7.Final/netty-transport-native-unix-common-4.2.7.Final.jar
Unpacking it/unimi/dsi/fastutil/8.5.18/fastutil-8.5.18.jar (libraries:it.unimi.dsi:fastutil:8.5.18) to libraries/it/unimi/dsi/fastutil/8.5.18/fastutil-8.5.18.jar
Unpacking net/java/dev/jna/jna/5.17.0/jna-5.17.0.jar (libraries:net.java.dev.jna:jna:5.17.0) to libraries/net/java/dev/jna/jna/5.17.0/jna-5.17.0.jar
Unpacking net/java/dev/jna/jna-platform/5.17.0/jna-platform-5.17.0.jar (libraries:net.java.dev.jna:jna-platform:5.17.0) to libraries/net/java/dev/jna/jna-platform/5.17.0/jna-platform-5.17.0.jar
Unpacking net/sf/jopt-simple/jopt-simple/5.0.4/jopt-simple-5.0.4.jar (libraries:net.sf.jopt-simple:jopt-simple:5.0.4) to libraries/net/sf/jopt-simple/jopt-simple/5.0.4/jopt-simple-5.0.4.jar
Unpacking org/apache/commons/commons-lang3/3.19.0/commons-lang3-3.19.0.jar (libraries:org.apache.commons:commons-lang3:3.19.0) to libraries/org/apache/commons/commons-lang3/3.19.0/commons-lang3-3.19.0.jar
Unpacking org/apache/logging/log4j/log4j-api/2.25.2/log4j-api-2.25.2.jar (libraries:org.apache.logging.log4j:log4j-api:2.25.2) to libraries/org/apache/logging/log4j/log4j-api/2.25.2/log4j-api-2.25.2.jar
Unpacking org/apache/logging/log4j/log4j-core/2.25.2/log4j-core-2.25.2.jar (libraries:org.apache.logging.log4j:log4j-core:2.25.2) to libraries/org/apache/logging/log4j/log4j-core/2.25.2/log4j-core-2.25.2.jar
Unpacking org/apache/logging/log4j/log4j-slf4j2-impl/2.25.2/log4j-slf4j2-impl-2.25.2.jar (libraries:org.apache.logging.log4j:log4j-slf4j2-impl:2.25.2) to libraries/org/apache/logging/log4j/log4j-slf4j2-impl/2.25.2/log4j-slf4j2-impl-2.25.2.jar
Unpacking org/joml/joml/1.10.8/joml-1.10.8.jar (libraries:org.joml:joml:1.10.8) to libraries/org/joml/joml/1.10.8/joml-1.10.8.jar
Unpacking org/jspecify/jspecify/1.0.0/jspecify-1.0.0.jar (libraries:org.jspecify:jspecify:1.0.0) to libraries/org/jspecify/jspecify/1.0.0/jspecify-1.0.0.jar
Unpacking org/slf4j/slf4j-api/2.0.17/slf4j-api-2.0.17.jar (libraries:org.slf4j:slf4j-api:2.0.17) to libraries/org/slf4j/slf4j-api/2.0.17/slf4j-api-2.0.17.jar
Starting net.fabricmc.loader.impl.game.minecraft.BundlerClassPathCapture
[22:18:18] [main/INFO]: Loading Minecraft 1.21.11 with Fabric Loader 0.19.5
[22:18:18] [main/INFO]: Fabric is preparing JARs on first launch, this may take a few seconds...
[22:18:18] [main/INFO]: Loading 5 mods:
	- fabricloader 0.19.5
	   \-- mixinextras 0.5.5
	- java 21
	- minecraft 1.21.11
	- worst-luck-possible 2.0.0
[22:18:18] [main/INFO]: SpongePowered MIXIN Subsystem Version=0.8.7 Source=file:/home/runner/work/worst-luck-possible-port/worst-luck-possible-port/server/libraries/net/fabricmc/sponge-mixin/0.17.4+mixin.0.8.7/sponge-mixin-0.17.4+mixin.0.8.7.jar Service=Knot/Fabric Env=SERVER
[22:18:19] [main/INFO]: Initializing MixinExtras via com.llamalad7.mixinextras.service.MixinExtrasServiceImpl(version=0.5.5).
[22:18:23] [main/ERROR]: Mixin apply for mod worst-luck-possible failed worst-luck-possible.mixins.json:mob.ZombieAlwaysBabyMixin from mod worst-luck-possible -> net.minecraft.class_1642: org.spongepowered.asm.mixin.injection.throwables.InvalidInjectionException non-static callback method net/minecraft/class_1642::worstluck$alwaysBaby targets a static method which is not supported [INJECT_PREPARE_LEGACY Applicator Phase -> worst-luck-possible.mixins.json:mob.ZombieAlwaysBabyMixin from mod worst-luck-possible -> Prepare Legacy Injections -> handler$zzm000$worst-luck-possible$worstluck$alwaysBaby(Lnet/minecraft/class_5819;Lorg/spongepowered/asm/mixin/injection/callback/CallbackInfoReturnable;)V -> Prepare ->  -> { target: method_29936(Lnet/minecraft/class_5819;)Z }]
org.spongepowered.asm.mixin.injection.throwables.InvalidInjectionException: non-static callback method net/minecraft/class_1642::worstluck$alwaysBaby targets a static method which is not supported [INJECT_PREPARE_LEGACY Applicator Phase -> worst-luck-possible.mixins.json:mob.ZombieAlwaysBabyMixin from mod worst-luck-possible -> Prepare Legacy Injections -> handler$zzm000$worst-luck-possible$worstluck$alwaysBaby(Lnet/minecraft/class_5819;Lorg/spongepowered/asm/mixin/injection/callback/CallbackInfoReturnable;)V -> Prepare ->  -> { target: method_29936(Lnet/minecraft/class_5819;)Z }]
	at org.spongepowered.asm.mixin.injection.code.Injector.checkTargetModifiers(Injector.java:371)
	at org.spongepowered.asm.mixin.injection.callback.CallbackInjector.sanityCheck(CallbackInjector.java:427)
	at org.spongepowered.asm.mixin.injection.code.Injector.find(Injector.java:245)
	at org.spongepowered.asm.mixin.injection.struct.InjectionInfo.prepare(InjectionInfo.java:470)
	at org.spongepowered.asm.mixin.transformer.MixinTargetContext.prepareInjections(MixinTargetContext.java:1394)
	at org.spongepowered.asm.mixin.transformer.MixinApplicatorStandard.prepareInjections(MixinApplicatorStandard.java:811)
	at org.spongepowered.asm.mixin.transformer.MixinApplicatorStandard.lambda$runApplicatorPass$3(MixinApplicatorStandard.java:323)
	at org.spongepowered.asm.mixin.transformer.MixinApplicatorStandard.processMixins(MixinApplicatorStandard.java:381)
	at org.spongepowered.asm.mixin.transformer.MixinApplicatorStandard.runApplicatorPass(MixinApplicatorStandard.java:320)
	at org.spongepowered.asm.mixin.transformer.MixinApplicatorStandard.apply(MixinApplicatorStandard.java:240)
	at org.spongepowered.asm.mixin.transformer.TargetClassContext.apply(TargetClassContext.java:437)
	at org.spongepowered.asm.mixin.transformer.TargetClassContext.applyMixins(TargetClassContext.java:418)
	at org.spongepowered.asm.mixin.transformer.MixinProcessor.applyMixins(MixinProcessor.java:351)
	at org.spongepowered.asm.mixin.transformer.MixinTransformer.transformClass(MixinTransformer.java:237)
	at org.spongepowered.asm.mixin.transformer.MixinTransformer.transformClassBytes(MixinTransformer.java:202)
	at net.fabricmc.loader.impl.launch.knot.KnotClassDelegate.getPostMixinClassByteArray(KnotClassDelegate.java:435)
	at net.fabricmc.loader.impl.launch.knot.KnotClassDelegate.tryLoadClass(KnotClassDelegate.java:336)
	at net.fabricmc.loader.impl.launch.knot.KnotClassDelegate.loadClass(KnotClassDelegate.java:231)
	at net.fabricmc.loader.impl.launch.knot.KnotClassLoader.loadClass(KnotClassLoader.java:119)
	at java.base/java.lang.ClassLoader.loadClass(ClassLoader.java:526)
	at java.base/java.lang.ClassLoader.defineClass1(Native Method)
	at java.base/java.lang.ClassLoader.defineClass(ClassLoader.java:1027)
	at java.base/java.security.SecureClassLoader.defineClass(SecureClassLoader.java:150)
	at net.fabricmc.loader.impl.launch.knot.KnotClassLoader.defineClassFwd(KnotClassLoader.java:165)
	at net.fabricmc.loader.impl.launch.knot.KnotClassDelegate.tryLoadClass(KnotClassDelegate.java:368)
	at net.fabricmc.loader.impl.launch.knot.KnotClassDelegate.loadClass(KnotClassDelegate.java:231)
	at net.fabricmc.loader.impl.launch.knot.KnotClassLoader.loadClass(KnotClassLoader.java:119)
	at java.base/java.lang.ClassLoader.loadClass(ClassLoader.java:526)
	at knot//net.minecraft.class_1299.<clinit>(class_1299.java:253)
	at knot//net.minecraft.class_9334.method_57924(class_9334.java:313)
	at knot//net.minecraft.class_9334.method_57906(class_9334.java:514)
	at knot//net.minecraft.class_9334.<clinit>(class_9334.java:313)
	at knot//net.minecraft.class_1792$class_1793.<init>(class_1792.java:177)
	at knot//net.minecraft.class_1802.method_7993(class_1802.java:1694)
	at knot//net.minecraft.class_1802.<clinit>(class_1802.java:68)
	at knot//net.minecraft.class_6089.method_9530(class_6089.java:65)
	at knot//net.minecraft.class_4970$class_4971.method_26172(class_4970.java:1103)
	at knot//net.minecraft.class_4970$class_4971.method_26218(class_4970.java:1099)
	at knot//net.minecraft.class_4970.method_9549(class_4970.java:365)
	at knot//net.minecraft.class_4970$class_4971$class_3752.<init>(class_4970.java:1379)
	at knot//net.minecraft.class_4970$class_4971.method_26200(class_4970.java:914)
	at knot//net.minecraft.class_2246.<clinit>(class_2246.java:1384)
	at knot//net.minecraft.class_2358.method_10199(class_2358.java:326)
	at knot//net.minecraft.class_2966.method_12851(class_2966.java:57)
	at knot//net.minecraft.server.Main.main(Main.java:109)
	at net.fabricmc.loader.impl.game.minecraft.MinecraftGameProvider.launch(MinecraftGameProvider.java:517)
	at net.fabricmc.loader.impl.launch.knot.Knot.launch(Knot.java:72)
	at net.fabricmc.loader.impl.launch.knot.KnotServer.main(KnotServer.java:23)
	at net.fabricmc.loader.impl.launch.server.FabricServerLauncher.main(FabricServerLauncher.java:69)
	at net.fabricmc.installer.ServerLauncher.main(ServerLauncher.java:69)
[22:18:23] [main/ERROR]: Failed to start the minecraft server
java.lang.BootstrapMethodError: java.lang.RuntimeException: Mixin transformation of net.minecraft.class_1642 failed
	at knot//net.minecraft.class_1299.<clinit>(class_1299.java:253)
	at knot//net.minecraft.class_9334.method_57924(class_9334.java:313)
	at knot//net.minecraft.class_9334.method_57906(class_9334.java:514)
	at knot//net.minecraft.class_9334.<clinit>(class_9334.java:313)
	at knot//net.minecraft.class_1792$class_1793.<init>(class_1792.java:177)
	at knot//net.minecraft.class_1802.method_7993(class_1802.java:1694)
	at knot//net.minecraft.class_1802.<clinit>(class_1802.java:68)
	at knot//net.minecraft.class_6089.method_9530(class_6089.java:65)
	at knot//net.minecraft.class_4970$class_4971.method_26172(class_4970.java:1103)
	at knot//net.minecraft.class_4970$class_4971.method_26218(class_4970.java:1099)
	at knot//net.minecraft.class_4970.method_9549(class_4970.java:365)
	at knot//net.minecraft.class_4970$class_4971$class_3752.<init>(class_4970.java:1379)
	at knot//net.minecraft.class_4970$class_4971.method_26200(class_4970.java:914)
	at knot//net.minecraft.class_2246.<clinit>(class_2246.java:1384)
	at knot//net.minecraft.class_2358.method_10199(class_2358.java:326)
	at knot//net.minecraft.class_2966.method_12851(class_2966.java:57)
	at knot//net.minecraft.server.Main.main(Main.java:109)
	at net.fabricmc.loader.impl.game.minecraft.MinecraftGameProvider.launch(MinecraftGameProvider.java:517)
	at net.fabricmc.loader.impl.launch.knot.Knot.launch(Knot.java:72)
	at net.fabricmc.loader.impl.launch.knot.KnotServer.main(KnotServer.java:23)
	at net.fabricmc.loader.impl.launch.server.FabricServerLauncher.main(FabricServerLauncher.java:69)
	at net.fabricmc.installer.ServerLauncher.main(ServerLauncher.java:69)
Caused by: java.lang.RuntimeException: Mixin transformation of net.minecraft.class_1642 failed
	at net.fabricmc.loader.impl.launch.knot.KnotClassDelegate.getPostMixinClassByteArray(KnotClassDelegate.java:440)
	at net.fabricmc.loader.impl.launch.knot.KnotClassDelegate.tryLoadClass(KnotClassDelegate.java:336)
	at net.fabricmc.loader.impl.launch.knot.KnotClassDelegate.loadClass(KnotClassDelegate.java:231)
	at net.fabricmc.loader.impl.launch.knot.KnotClassLoader.loadClass(KnotClassLoader.java:119)
	at java.base/java.lang.ClassLoader.loadClass(ClassLoader.java:526)
	at java.base/java.lang.ClassLoader.defineClass1(Native Method)
	at java.base/java.lang.ClassLoader.defineClass(ClassLoader.java:1027)
	at java.base/java.security.SecureClassLoader.defineClass(SecureClassLoader.java:150)
	at net.fabricmc.loader.impl.launch.knot.KnotClassLoader.defineClassFwd(KnotClassLoader.java:165)
	at net.fabricmc.loader.impl.launch.knot.KnotClassDelegate.tryLoadClass(KnotClassDelegate.java:368)
	at net.fabricmc.loader.impl.launch.knot.KnotClassDelegate.loadClass(KnotClassDelegate.java:231)
	at net.fabricmc.loader.impl.launch.knot.KnotClassLoader.loadClass(KnotClassLoader.java:119)
	at java.base/java.lang.ClassLoader.loadClass(ClassLoader.java:526)
	... 22 more
Caused by: org.spongepowered.asm.mixin.transformer.throwables.MixinTransformerError: An unexpected critical error was encountered
	at org.spongepowered.asm.mixin.transformer.MixinProcessor.applyMixins(MixinProcessor.java:380)
	at org.spongepowered.asm.mixin.transformer.MixinTransformer.transformClass(MixinTransformer.java:237)
	at org.spongepowered.asm.mixin.transformer.MixinTransformer.transformClassBytes(MixinTransformer.java:202)
	at net.fabricmc.loader.impl.launch.knot.KnotClassDelegate.getPostMixinClassByteArray(KnotClassDelegate.java:435)
	... 34 more
Caused by: org.spongepowered.asm.mixin.throwables.MixinApplyError: Mixin [worst-luck-possible.mixins.json:mob.ZombieAlwaysBabyMixin from mod worst-luck-possible] from phase [DEFAULT] in config [worst-luck-possible.mixins.json] FAILED during APPLY
	at org.spongepowered.asm.mixin.transformer.MixinProcessor.handleMixinError(MixinProcessor.java:685)
	at org.spongepowered.asm.mixin.transformer.MixinProcessor.handleMixinApplyError(MixinProcessor.java:636)
	at org.spongepowered.asm.mixin.transformer.MixinProcessor.applyMixins(MixinProcessor.java:367)
	... 37 more
Caused by: org.spongepowered.asm.mixin.injection.throwables.InvalidInjectionException: non-static callback method net/minecraft/class_1642::worstluck$alwaysBaby targets a static method which is not supported [INJECT_PREPARE_LEGACY Applicator Phase -> worst-luck-possible.mixins.json:mob.ZombieAlwaysBabyMixin from mod worst-luck-possible -> Prepare Legacy Injections -> handler$zzm000$worst-luck-possible$worstluck$alwaysBaby(Lnet/minecraft/class_5819;Lorg/spongepowered/asm/mixin/injection/callback/CallbackInfoReturnable;)V -> Prepare ->  -> { target: method_29936(Lnet/minecraft/class_5819;)Z }]
	at org.spongepowered.asm.mixin.injection.code.Injector.checkTargetModifiers(Injector.java:371)
	at org.spongepowered.asm.mixin.injection.callback.CallbackInjector.sanityCheck(CallbackInjector.java:427)
	at org.spongepowered.asm.mixin.injection.code.Injector.find(Injector.java:245)
	at org.spongepowered.asm.mixin.injection.struct.InjectionInfo.prepare(InjectionInfo.java:470)
	at org.spongepowered.asm.mixin.transformer.MixinTargetContext.prepareInjections(MixinTargetContext.java:1394)
	at org.spongepowered.asm.mixin.transformer.MixinApplicatorStandard.prepareInjections(MixinApplicatorStandard.java:811)
	at org.spongepowered.asm.mixin.transformer.MixinApplicatorStandard.lambda$runApplicatorPass$3(MixinApplicatorStandard.java:323)
	at org.spongepowered.asm.mixin.transformer.MixinApplicatorStandard.processMixins(MixinApplicatorStandard.java:381)
	at org.spongepowered.asm.mixin.transformer.MixinApplicatorStandard.runApplicatorPass(MixinApplicatorStandard.java:320)
	at org.spongepowered.asm.mixin.transformer.MixinApplicatorStandard.apply(MixinApplicatorStandard.java:240)
	at org.spongepowered.asm.mixin.transformer.TargetClassContext.apply(TargetClassContext.java:437)
	at org.spongepowered.asm.mixin.transformer.TargetClassContext.applyMixins(TargetClassContext.java:418)
	at org.spongepowered.asm.mixin.transformer.MixinProcessor.applyMixins(MixinProcessor.java:351)
	... 37 more
